Archive member included to satisfy reference by file (symbol)

F:/ST/STM32CubeIDE_1.16.0/STM32CubeIDE/plugins/com.st.stm32cube.ide.mcu.externaltools.gnu-tools-for-stm32.12.3.rel1.win32_1.0.200.202406191623/tools/bin/../lib/gcc/arm-none-eabi/12.3.1/../../../../arm-none-eabi/lib/thumb/v7e-m+fp/hard\libc_nano.a(libc_a-exit.o)
                              F:/ST/STM32CubeIDE_1.16.0/STM32CubeIDE/plugins/com.st.stm32cube.ide.mcu.externaltools.gnu-tools-for-stm32.12.3.rel1.win32_1.0.200.202406191623/tools/bin/../lib/gcc/arm-none-eabi/12.3.1/../../../../arm-none-eabi/lib/thumb/v7e-m+fp/hard/crt0.o (exit)
F:/ST/STM32CubeIDE_1.16.0/STM32CubeIDE/plugins/com.st.stm32cube.ide.mcu.externaltools.gnu-tools-for-stm32.12.3.rel1.win32_1.0.200.202406191623/tools/bin/../lib/gcc/arm-none-eabi/12.3.1/../../../../arm-none-eabi/lib/thumb/v7e-m+fp/hard\libc_nano.a(libc_a-malloc.o)
                              ./Core/Src/st7735.o (malloc)
F:/ST/STM32CubeIDE_1.16.0/STM32CubeIDE/plugins/com.st.stm32cube.ide.mcu.externaltools.gnu-tools-for-stm32.12.3.rel1.win32_1.0.200.202406191623/tools/bin/../lib/gcc/arm-none-eabi/12.3.1/../../../../arm-none-eabi/lib/thumb/v7e-m+fp/hard\libc_nano.a(libc_a-mallocr.o)
                              F:/ST/STM32CubeIDE_1.16.0/STM32CubeIDE/plugins/com.st.stm32cube.ide.mcu.externaltools.gnu-tools-for-stm32.12.3.rel1.win32_1.0.200.202406191623/tools/bin/../lib/gcc/arm-none-eabi/12.3.1/../../../../arm-none-eabi/lib/thumb/v7e-m+fp/hard\libc_nano.a(libc_a-malloc.o) (_malloc_r)
F:/ST/STM32CubeIDE_1.16.0/STM32CubeIDE/plugins/com.st.stm32cube.ide.mcu.externaltools.gnu-tools-for-stm32.12.3.rel1.win32_1.0.200.202406191623/tools/bin/../lib/gcc/arm-none-eabi/12.3.1/../../../../arm-none-eabi/lib/thumb/v7e-m+fp/hard\libc_nano.a(libc_a-mlock.o)
                              F:/ST/STM32CubeIDE_1.16.0/STM32CubeIDE/plugins/com.st.stm32cube.ide.mcu.externaltools.gnu-tools-for-stm32.12.3.rel1.win32_1.0.200.202406191623/tools/bin/../lib/gcc/arm-none-eabi/12.3.1/../../../../arm-none-eabi/lib/thumb/v7e-m+fp/hard\libc_nano.a(libc_a-mallocr.o) (__malloc_lock)
F:/ST/STM32CubeIDE_1.16.0/STM32CubeIDE/plugins/com.st.stm32cube.ide.mcu.externaltools.gnu-tools-for-stm32.12.3.rel1.win32_1.0.200.202406191623/tools/bin/../lib/gcc/arm-none-eabi/12.3.1/../../../../arm-none-eabi/lib/thumb/v7e-m+fp/hard\libc_nano.a(libc_a-findfp.o)
                              ./Middlewares/Third_Party/FreeRTOS/Source/tasks.o (__sf)
F:/ST/STM32CubeIDE_1.16.0/STM32CubeIDE/plugins/com.st.stm32cube.ide.mcu.externaltools.gnu-tools-for-stm32.12.3.rel1.win32_1.0.200.202406191623/tools/bin/../lib/gcc/arm-none-eabi/12.3.1/../../../../arm-none-eabi/lib/thumb/v7e-m+fp/hard\libc_nano.a(libc_a-fwalk.o)
                              F:/ST/STM32CubeIDE_1.16.0/STM32CubeIDE/plugins/com.st.stm32cube.ide.mcu.externaltools.gnu-tools-for-stm32.12.3.rel1.win32_1.0.200.202406191623/tools/bin/../lib/gcc/arm-none-eabi/12.3.1/../../../../arm-none-eabi/lib/thumb/v7e-m+fp/hard\libc_nano.a(libc_a-findfp.o) (_fwalk_sglue)
F:/ST/STM32CubeIDE_1.16.0/STM32CubeIDE/plugins/com.st.stm32cube.ide.mcu.externaltools.gnu-tools-for-stm32.12.3.rel1.win32_1.0.200.202406191623/tools/bin/../lib/gcc/arm-none-eabi/12.3.1/../../../../arm-none-eabi/lib/thumb/v7e-m+fp/hard\libc_nano.a(libc_a-sprintf.o)
                              ./Core/Src/st7735.o (sprintf)
F:/ST/STM32CubeIDE_1.16.0/STM32CubeIDE/plugins/com.st.stm32cube.ide.mcu.externaltools.gnu-tools-for-stm32.12.3.rel1.win32_1.0.200.202406191623/tools/bin/../lib/gcc/arm-none-eabi/12.3.1/../../../../arm-none-eabi/lib/thumb/v7e-m+fp/hard\libc_nano.a(libc_a-stdio.o)
                              F:/ST/STM32CubeIDE_1.16.0/STM32CubeIDE/plugins/com.st.stm32cube.ide.mcu.externaltools.gnu-tools-for-stm32.12.3.rel1.win32_1.0.200.202406191623/tools/bin/../lib/gcc/arm-none-eabi/12.3.1/../../../../arm-none-eabi/lib/thumb/v7e-m+fp/hard\libc_nano.a(libc_a-findfp.o) (__sread)
F:/ST/STM32CubeIDE_1.16.0/STM32CubeIDE/plugins/com.st.stm32cube.ide.mcu.externaltools.gnu-tools-for-stm32.12.3.rel1.win32_1.0.200.202406191623/tools/bin/../lib/gcc/arm-none-eabi/12.3.1/../../../../arm-none-eabi/lib/thumb/v7e-m+fp/hard\libc_nano.a(libc_a-memset.o)
                              F:/ST/STM32CubeIDE_1.16.0/STM32CubeIDE/plugins/com.st.stm32cube.ide.mcu.externaltools.gnu-tools-for-stm32.12.3.rel1.win32_1.0.200.202406191623/tools/bin/../lib/gcc/arm-none-eabi/12.3.1/../../../../arm-none-eabi/lib/thumb/v7e-m+fp/hard/crt0.o (memset)
F:/ST/STM32CubeIDE_1.16.0/STM32CubeIDE/plugins/com.st.stm32cube.ide.mcu.externaltools.gnu-tools-for-stm32.12.3.rel1.win32_1.0.200.202406191623/tools/bin/../lib/gcc/arm-none-eabi/12.3.1/../../../../arm-none-eabi/lib/thumb/v7e-m+fp/hard\libc_nano.a(libc_a-closer.o)
                              F:/ST/STM32CubeIDE_1.16.0/STM32CubeIDE/plugins/com.st.stm32cube.ide.mcu.externaltools.gnu-tools-for-stm32.12.3.rel1.win32_1.0.200.202406191623/tools/bin/../lib/gcc/arm-none-eabi/12.3.1/../../../../arm-none-eabi/lib/thumb/v7e-m+fp/hard\libc_nano.a(libc_a-stdio.o) (_close_r)
[...]
Memory Configuration

Name             Origin             Length             Attributes
RAM              0x20000000         0x00020000         xrw
FLASH            0x08000000         0x00080000         xr
*default*        0x00000000         0xffffffff

Linker script and memory map

LOAD F:/ST/STM32CubeIDE_1.16.0/STM32CubeIDE/plugins/com.st.stm32cube.ide.mcu.externaltools.gnu-tools-for-stm32.12.3.rel1.win32_1.0.200.202406191623/tools/bin/../lib/gcc/arm-none-eabi/12.3.1/thumb/v7e-m+fp/hard/crti.o
LOAD F:/ST/STM32CubeIDE_1.16.0/STM32CubeIDE/plugins/com.st.stm32cube.ide.mcu.externaltools.gnu-tools-for-stm32.12.3.rel1.win32_1.0.200.202406191623/tools/bin/../lib/gcc/arm-none-eabi/12.3.1/thumb/v7e-m+fp/hard/crtbegin.o
LOAD F:/ST/STM32CubeIDE_1.16.0/STM32CubeIDE/plugins/com.st.stm32cube.ide.mcu.externaltools.gnu-tools-for-stm32.12.3.rel1.win32_1.0.200.202406191623/tools/bin/../lib/gcc/arm-none-eabi/12.3.1/../../../../arm-none-eabi/lib/thumb/v7e-m+fp/hard/crt0.o
LOAD ./Core/Src/PRNG_LFSR.o
LOAD ./Core/Src/atraso.o
LOAD ./Core/Src/figuras.o
LOAD ./Core/Src/fonts.o
LOAD ./Core/Src/freertos.o
LOAD ./Core/Src/game_entities.o
LOAD ./Core/Src/game_logic.o
LOAD ./Core/Src/game_map.o
LOAD ./Core/Src/main.o
LOAD ./Core/Src/st7735.o
LOAD ./Core/Src/stm32f4xx_hal_msp.o
LOAD ./Core/Src/stm32f4xx_hal_timebase_tim.o
LOAD ./Core/Src/stm32f4xx_it.o
LOAD ./Core/Src/syscalls.o
LOAD ./Core/Src/sysmem.o
LOAD ./Core/Src/system_stm32f4xx.o
LOAD ./Core/Startup/startup_stm32f411ceux.o
LOAD ./Drivers/STM32F4xx_HAL_Driver/Src/stm32f4xx_hal.o
LOAD ./Drivers/STM32F4xx_HAL_Driver/Src/stm32f4xx_hal_adc.o
LOAD ./Drivers/STM32F4xx_HAL_Driver/Src/stm32f4xx_hal_adc_ex.o
LOAD ./Drivers/STM32F4xx_HAL_Driver/Src/stm32f4xx_hal_cortex.o
LOAD ./Drivers/STM32F4xx_HAL_Driver/Src/stm32f4xx_hal_dma.o
LOAD ./Drivers/STM32F4xx_HAL_Driver/Src/stm32f4xx_hal_dma_ex.o
LOAD ./Drivers/STM32F4xx_HAL_Driver/Src/stm32f4xx_hal_exti.o
LOAD ./Drivers/STM32F4xx_HAL_Driver/Src/stm32f4xx_hal_flash.o
LOAD ./Drivers/STM32F4xx_HAL_Driver/Src/stm32f4xx_hal_flash_ex.o
LOAD ./Drivers/STM32F4xx_HAL_Driver/Src/stm32f4xx_hal_flash_ramfunc.o
LOAD ./Drivers/STM32F4xx_HAL_Driver/Src/stm32f4xx_hal_gpio.o
LOAD ./Drivers/STM32F4xx_HAL_Driver/Src/stm32f4xx_hal_pwr.o
LOAD ./Drivers/STM32F4xx_HAL_Driver/Src/stm32f4xx_hal_pwr_ex.o
LOAD ./Drivers/STM32F4xx_HAL_Driver/Src/stm32f4xx_hal_rcc.o
LOAD ./Drivers/STM32F4xx_HAL_Driver/Src/stm32f4xx_hal_rcc_ex.o
LOAD ./Drivers/STM32F4xx_HAL_Driver/Src/stm32f4xx_hal_spi.o
LOAD ./Drivers/STM32F4xx_HAL_Driver/Src/stm32f4xx_hal_tim.o
LOAD ./Drivers/STM32F4xx_HAL_Driver/Src/stm32f4xx_hal_tim_ex.o
LOAD ./Drivers/STM32F4xx_HAL_Driver/Src/stm32f4xx_ll_adc.o
LOAD ./Middlewares/Third_Party/FreeRTOS/Source/CMSIS_RTOS_V2/cmsis_os2.o
LOAD ./Middlewares/Third_Party/FreeRTOS/Source/croutine.o
LOAD ./Middlewares/Third_Party/FreeRTOS/Source/event_groups.o
LOAD ./Middlewares/Third_Party/FreeRTOS/Source/list.o
LOAD ./Middlewares/Third_Party/FreeRTOS/Source/queue.o
LOAD ./Middlewares/Third_Party/FreeRTOS/Source/stream_buffer.o
LOAD ./Middlewares/Third_Party/FreeRTOS/Source/tasks.o
LOAD ./Middlewares/Third_Party/FreeRTOS/Source/timers.o
LOAD ./Middlewares/Third_Party/FreeRTOS/Source/portable/GCC/ARM_CM4F/port.o
LOAD ./Middlewares/Third_Party/FreeRTOS/Source/portable/MemMang/heap_4.o
START GROUP
LOAD F:/ST/STM32CubeIDE_1.16.0/STM32CubeIDE/plugins/com.st.stm32cube.ide.mcu.externaltools.gnu-tools-for-stm32.12.3.rel1.win32_1.0.200.202406191623/tools/bin/../lib/gcc/arm-none-eabi/12.3.1/../../../../arm-none-eabi/lib/thumb/v7e-m+fp/hard\libc_nano.a
LOAD F:/ST/STM32CubeIDE_1.16.0/STM32CubeIDE/plugins/com.st.stm32cube.ide.mcu.externaltools.gnu-tools-for-stm32.12.3.rel1.win32_1.0.200.202406191623/tools/bin/../lib/gcc/arm-none-eabi/12.3.1/../../../../arm-none-eabi/lib/thumb/v7e-m+fp/hard\libm.a
END GROUP
START GROUP
LOAD F:/ST/STM32CubeIDE_1.16.0/STM32CubeIDE/plugins/com.st.stm32cube.ide.mcu.externaltools.gnu-tools-for-stm32.12.3.rel1.win32_1.0.200.202406191623/tools/bin/../lib/gcc/arm-none-eabi/12.3.1/thumb/v7e-m+fp/hard\libgcc.a
LOAD F:/ST/STM32CubeIDE_1.16.0/STM32CubeIDE/plugins/com.st.stm32cube.ide.mcu.externaltools.gnu-tools-for-stm32.12.3.rel1.win32_1.0.200.202406191623/tools/bin/../lib/gcc/arm-none-eabi/12.3.1/../../../../arm-none-eabi/lib/thumb/v7e-m+fp/hard\libc_nano.a
END GROUP
START GROUP
LOAD F:/ST/STM32CubeIDE_1.16.0/STM32CubeIDE/plugins/com.st.stm32cube.ide.mcu.externaltools.gnu-tools-for-stm32.12.3.rel1.win32_1.0.200.202406191623/tools/bin/../lib/gcc/arm-none-eabi/12.3.1/thumb/v7e-m+fp/hard\libgcc.a
LOAD F:/ST/STM32CubeIDE_1.16.0/STM32CubeIDE/plugins/com.st.stm32cube.ide.mcu.externaltools.gnu-tools-for-stm32.12.3.rel1.win32_1.0.200.202406191623/tools/bin/../lib/gcc/arm-none-eabi/12.3.1/../../../../arm-none-eabi/lib/thumb/v7e-m+fp/hard\libc_nano.a
LOAD F:/ST/STM32CubeIDE_1.16.0/STM32CubeIDE/plugins/com.st.stm32cube.ide.mcu.externaltools.gnu-tools-for-stm32.12.3.rel1.win32_1.0.200.202406191623/tools/bin/../lib/gcc/arm-none-eabi/12.3.1/../../../../arm-none-eabi/lib/thumb/v7e-m+fp/hard\libnosys.a
END GROUP
START GROUP
LOAD F:/ST/STM32CubeIDE_1.16.0/STM32CubeIDE/plugins/com.st.stm32cube.ide.mcu.externaltools.gnu-tools-for-stm32.12.3.rel1.win32_1.0.200.202406191623/tools/bin/../lib/gcc/arm-none-eabi/12.3.1/thumb/v7e-m+fp/hard\libgcc.a
LOAD F:/ST/STM32CubeIDE_1.16.0/STM32CubeIDE/plugins/com.st.stm32cube.ide.mcu.externaltools.gnu-tools-for-stm32.12.3.rel1.win32_1.0.200.202406191623/tools/bin/../lib/gcc/arm-none-eabi/12.3.1/../../../../arm-none-eabi/lib/thumb/v7e-m+fp/hard\libc_nano.a
LOAD F:/ST/STM32CubeIDE_1.16.0/STM32CubeIDE/plugins/com.st.stm32cube.ide.mcu.externaltools.gnu-tools-for-stm32.12.3.rel1.win32_1.0.200.202406191623/tools/bin/../lib/gcc/arm-none-eabi/12.3.1/../../../../arm-none-eabi/lib/thumb/v7e-m+fp/hard\libnosys.a
END GROUP
LOAD F:/ST/STM32CubeIDE_1.16.0/STM32CubeIDE/plugins/com.st.stm32cube.ide.mcu.externaltools.gnu-tools-for-stm32.12.3.rel1.win32_1.0.200.202406191623/tools/bin/../lib/gcc/arm-none-eabi/12.3.1/thumb/v7e-m+fp/hard/crtend.o
LOAD F:/ST/STM32CubeIDE_1.16.0/STM32CubeIDE/plugins/com.st.stm32cube.ide.mcu.externaltools.gnu-tools-for-stm32.12.3.rel1.win32_1.0.200.202406191623/tools/bin/../lib/gcc/arm-none-eabi/12.3.1/thumb/v7e-m+fp/hard/crtn.o
                0x20020000                        _estack = (ORIGIN (RAM) + LENGTH (RAM))
                0x00000200                        _Min_Heap_Size = 0x200
                0x00000400                        _Min_Stack_Size = 0x400

.isr_vector     0x08000000      0x198
                0x08000000                        . = ALIGN (0x4)
 *(.isr_vector)
 .isr_vector    0x08000000      0x198 ./Core/Startup/startup_stm32f411ceux.o
                0x08000000                g_pfnVectors
                0x08000198                        . = ALIGN (0x4)

.text           0x080001a0     0x6fc0
                0x080001a0                        . = ALIGN (0x4)
 *(.text)
 .text          0x080001a0       0x40 F:/ST/STM32CubeIDE_1.16.0/STM32CubeIDE/plugins/com.st.stm32cube.ide.mcu.externaltools.gnu-tools-for-stm32.12.3.rel1.win32_1.0.200.202406191623/tools/bin/../lib/gcc/arm-none-eabi/12.3.1/thumb/v7e-m+fp/hard/crtbegin.o
 .text          0x080001e0       0x30 F:/ST/STM32CubeIDE_1.16.0/STM32CubeIDE/plugins/com.st.stm32cube.ide.mcu.externaltools.gnu-tools-for-stm32.12.3.rel1.win32_1.0.200.202406191623/tools/bin/../lib/gcc/arm-none-eabi/12.3.1/thumb/v7e-m+fp/hard\libgcc.a(_aeabi_uldivmod.o)
                0x080001e0                __aeabi_uldivmod
 .text          0x08000210      0x2bc F:/ST/STM32CubeIDE_1.16.0/STM32CubeIDE/plugins/com.st.stm32cube.ide.mcu.externaltools.gnu-tools-for-stm32.12.3.rel1.win32_1.0.200.202406191623/tools/bin/../lib/gcc/arm-none-eabi/12.3.1/thumb/v7e-m+fp/hard\libgcc.a(_udivmoddi4.o)
                0x08000210                __udivmoddi4
 .text          0x080004cc        0x4 F:/ST/STM32CubeIDE_1.16.0/STM32CubeIDE/plugins/com.st.stm32cube.ide.mcu.externaltools.gnu-tools-for-stm32.12.3.rel1.win32_1.0.200.202406191623/tools/bin/../lib/gcc/arm-none-eabi/12.3.1/thumb/v7e-m+fp/hard\libgcc.a(_dvmd_tls.o)
                0x080004cc                __aeabi_idiv0
                0x080004cc                __aeabi_ldiv0
 *(.text*)
 .text.init_LFSR
                0x080004d0       0x20 ./Core/Src/PRNG_LFSR.o
                0x080004d0                init_LFSR
 .text.InitObject
                0x080004f0       0x44 ./Core/Src/game_entities.o
                0x080004f0                InitObject
 .text.CheckReboundX
                0x08000534       0x5a ./Core/Src/game_entities.o
                0x08000534                CheckReboundX
 .text.UpdateObject
                0x0800058e       0x4a ./Core/Src/game_entities.o
                0x0800058e                UpdateObject
 .text.DrawObject
                0x080005d8       0x30 ./Core/Src/game_entities.o
                0x080005d8                DrawObject
 .text.CheckTileAt
                0x08000608       0x2e ./Core/Src/game_logic.o
 .text.CheckWallCollision
                0x08000636       0x8e ./Core/Src/game_logic.o
                0x08000636                CheckWallCollision
 .text.CheckGoal
                0x080006c4       0x8e ./Core/Src/game_logic.o
                0x080006c4                CheckGoal
 .text.CheckDanger
                0x08000752       0x8e ./Core/Src/game_logic.o
                0x08000752                CheckDanger
 .text.Game_RestartLevel
                0x080007e0       0x58 ./Core/Src/game_logic.o
                0x080007e0                Game_RestartLevel
 .text.Game_NextLevel
                0x08000838       0x44 ./Core/Src/game_logic.o
                0x08000838                Game_NextLevel
 .text.Game_GameOver
                0x0800087c       0x68 ./Core/Src/game_logic.o
                0x0800087c                Game_GameOver
 .text.CheckCollision
                0x080008e4       0x5a ./Core/Src/game_logic.o
                0x080008e4                CheckCollision
 *fill*         0x0800093e        0x2 
 .text.DrawGameMap
                0x08000940       0xac ./Core/Src/game_map.o
                0x08000940                DrawGameMap
 .text.GetTileType
                0x080009ec       0x4c ./Core/Src/game_map.o
                0x080009ec                GetTileType
 .text.HAL_ADC_ConvCpltCallback
                0x08000a38       0x2c ./Core/Src/main.o
                0x08000a38                HAL_ADC_ConvCpltCallback
 .text.vTask_Move_Balls
                0x08000a64       0xd0 ./Core/Src/main.o
                0x08000a64                vTask_Move_Balls
 .text.vTask_Move_Soldado
                0x08000b34      0x164 ./Core/Src/main.o
                0x08000b34                vTask_Move_Soldado
 .text.main     0x08000c98      0x1f8 ./Core/Src/main.o
                0x08000c98                main
 .text.SystemClock_Config
                0x08000e90       0xd0 ./Core/Src/main.o
                0x08000e90                SystemClock_Config
 .text.MX_ADC1_Init
                0x08000f60       0xc0 ./Core/Src/main.o
 .text.MX_SPI1_Init
                0x08001020       0x6c ./Core/Src/main.o
 .text.MX_DMA_Init
                0x0800108c       0x40 ./Core/Src/main.o
 .text.MX_GPIO_Init
                0x080010cc      0x108 ./Core/Src/main.o
 .text.StartDefaultTask
                0x080011d4       0x20 ./Core/Src/main.o
                0x080011d4                StartDefaultTask
 .text.HAL_TIM_PeriodElapsedCallback
                0x080011f4       0x24 ./Core/Src/main.o
                0x080011f4                HAL_TIM_PeriodElapsedCallback
 .text.Error_Handler
                0x08001218        0xc ./Core/Src/main.o
                0x08001218                Error_Handler
 .text.ST7735_Select
                0x08001224       0x18 ./Core/Src/st7735.o
 .text.ST7735_Unselect
                0x0800123c       0x18 ./Core/Src/st7735.o
                0x0800123c                ST7735_Unselect
 .text.ST7735_Reset
                0x08001254       0x2c ./Core/Src/st7735.o
 .text.ST7735_WriteCommand
                0x08001280       0x34 ./Core/Src/st7735.o
 .text.ST7735_WriteData
                0x080012b4       0x38 ./Core/Src/st7735.o
 .text.ST7735_ExecuteCommandList
                0x080012ec       0x92 ./Core/Src/st7735.o
 .text.ST7735_SetAddressWindow
                0x0800137e       0x68 ./Core/Src/st7735.o
 *fill*         0x080013e6        0x2 
 .text.ST7735_Init
                0x080013e8       0x34 ./Core/Src/st7735.o
                0x080013e8                ST7735_Init
 .text.ST7735_DrawPixel
                0x0800141c       0x68 ./Core/Src/st7735.o
                0x0800141c                ST7735_DrawPixel
 .text.ST7735_WriteChar
                0x08001484       0xf4 ./Core/Src/st7735.o
                0x08001484                ST7735_WriteChar
 .text.ST7735_WriteString
                0x08001578       0x5e ./Core/Src/st7735.o
                0x08001578                ST7735_WriteString
 *fill*         0x080015d6        0x2 
 .text.ST7735_FillRectangle
                0x080015d8       0xe8 ./Core/Src/st7735.o
                0x080015d8                ST7735_FillRectangle
 .text.ST7735_FillScreen
                0x080016c0       0x22 ./Core/Src/st7735.o
                0x080016c0                ST7735_FillScreen
 .text.ST7735_draw_figure
                0x080016e2       0xe6 ./Core/Src/st7735.o
                0x080016e2                ST7735_draw_figure
 .text.HAL_MspInit
                0x080017c8       0x58 ./Core/Src/stm32f4xx_hal_msp.o
                0x080017c8                HAL_MspInit
 .text.HAL_ADC_MspInit
                0x08001820       0xf0 ./Core/Src/stm32f4xx_hal_msp.o
                0x08001820                HAL_ADC_MspInit
 .text.HAL_SPI_MspInit
                0x08001910       0x90 ./Core/Src/stm32f4xx_hal_msp.o
                0x08001910                HAL_SPI_MspInit
 .text.HAL_InitTick
                0x080019a0       0xf8 ./Core/Src/stm32f4xx_hal_timebase_tim.o
                0x080019a0                HAL_InitTick
 .text.NMI_Handler
                0x08001a98        0x8 ./Core/Src/stm32f4xx_it.o
                0x08001a98                NMI_Handler
 .text.HardFault_Handler
                0x08001aa0        0x8 ./Core/Src/stm32f4xx_it.o
                0x08001aa0                HardFault_Handler
 .text.MemManage_Handler
                0x08001aa8        0x8 ./Core/Src/stm32f4xx_it.o
                0x08001aa8                MemManage_Handler
 .text.BusFault_Handler
                0x08001ab0        0x8 ./Core/Src/stm32f4xx_it.o
                0x08001ab0                BusFault_Handler
 .text.UsageFault_Handler
                0x08001ab8        0x8 ./Core/Src/stm32f4xx_it.o
                0x08001ab8                UsageFault_Handler
 .text.DebugMon_Handler
                0x08001ac0        0xe ./Core/Src/stm32f4xx_it.o
                0x08001ac0                DebugMon_Handler
 *fill*         0x08001ace        0x2 
 .text.TIM4_IRQHandler
                0x08001ad0       0x14 ./Core/Src/stm32f4xx_it.o
                0x08001ad0                TIM4_IRQHandler
 .text.DMA2_Stream0_IRQHandler
                0x08001ae4       0x14 ./Core/Src/stm32f4xx_it.o
                0x08001ae4                DMA2_Stream0_IRQHandler
 .text.SystemInit
                0x08001af8       0x24 ./Core/Src/system_stm32f4xx.o
                0x08001af8                SystemInit
 .text.Reset_Handler
                0x08001b1c       0x50 ./Core/Startup/startup_stm32f411ceux.o
                0x08001b1c                Reset_Handler
 .text.Default_Handler
                0x08001b6c        0x2 ./Core/Startup/startup_stm32f411ceux.o
                0x08001b6c                RTC_Alarm_IRQHandler
                0x08001b6c                EXTI2_IRQHandler
                0x08001b6c                SPI4_IRQHandler
                0x08001b6c                TIM1_CC_IRQHandler
                0x08001b6c                DMA2_Stream5_IRQHandler
                0x08001b6c                DMA1_Stream5_IRQHandler
                0x08001b6c                PVD_IRQHandler
                0x08001b6c                SDIO_IRQHandler
                0x08001b6c                TAMP_STAMP_IRQHandler
                0x08001b6c                EXTI3_IRQHandler
                0x08001b6c                TIM1_UP_TIM10_IRQHandler
                0x08001b6c                I2C3_ER_IRQHandler
                0x08001b6c                EXTI0_IRQHandler
                0x08001b6c                I2C2_EV_IRQHandler
                0x08001b6c                DMA1_Stream2_IRQHandler
                0x08001b6c                FPU_IRQHandler
                0x08001b6c                DMA2_Stream2_IRQHandler
                0x08001b6c                SPI1_IRQHandler
                0x08001b6c                TIM1_BRK_TIM9_IRQHandler
                0x08001b6c                DMA2_Stream3_IRQHandler
                0x08001b6c                USART6_IRQHandler
                0x08001b6c                I2C1_EV_IRQHandler
                0x08001b6c                DMA1_Stream6_IRQHandler
                0x08001b6c                DMA1_Stream1_IRQHandler
                0x08001b6c                TIM3_IRQHandler
                0x08001b6c                RCC_IRQHandler
                0x08001b6c                Default_Handler
                0x08001b6c                EXTI15_10_IRQHandler
                0x08001b6c                ADC_IRQHandler
                0x08001b6c                DMA1_Stream7_IRQHandler
                0x08001b6c                SPI5_IRQHandler
                0x08001b6c                TIM5_IRQHandler
                0x08001b6c                DMA2_Stream7_IRQHandler
                0x08001b6c                I2C3_EV_IRQHandler
                0x08001b6c                EXTI9_5_IRQHandler
                0x08001b6c                RTC_WKUP_IRQHandler
                0x08001b6c                SPI2_IRQHandler
                0x08001b6c                DMA1_Stream0_IRQHandler
                0x08001b6c                EXTI4_IRQHandler
                0x08001b6c                WWDG_IRQHandler
                0x08001b6c                TIM2_IRQHandler
                0x08001b6c                OTG_FS_WKUP_IRQHandler
                0x08001b6c                TIM1_TRG_COM_TIM11_IRQHandler
                0x08001b6c                EXTI1_IRQHandler
                0x08001b6c                USART2_IRQHandler
                0x08001b6c                I2C2_ER_IRQHandler
                0x08001b6c                DMA2_Stream1_IRQHandler
                0x08001b6c                FLASH_IRQHandler
                0x08001b6c                DMA2_Stream4_IRQHandler
                0x08001b6c                USART1_IRQHandler
                0x08001b6c                OTG_FS_IRQHandler
                0x08001b6c                SPI3_IRQHandler
                0x08001b6c                DMA1_Stream4_IRQHandler
                0x08001b6c                I2C1_ER_IRQHandler
                0x08001b6c                DMA2_Stream6_IRQHandler
                0x08001b6c                DMA1_Stream3_IRQHandler
 *fill*         0x08001b6e        0x2 
 .text.HAL_Init
                0x08001b70       0x44 ./Drivers/STM32F4xx_HAL_Driver/Src/stm32f4xx_hal.o
                0x08001b70                HAL_Init
 .text.HAL_IncTick
                0x08001bb4       0x28 ./Drivers/STM32F4xx_HAL_Driver/Src/stm32f4xx_hal.o
                0x08001bb4                HAL_IncTick
 .text.HAL_GetTick
                0x08001bdc       0x18 ./Drivers/STM32F4xx_HAL_Driver/Src/stm32f4xx_hal.o
                0x08001bdc                HAL_GetTick
 .text.HAL_Delay
                0x08001bf4       0x48 ./Drivers/STM32F4xx_HAL_Driver/Src/stm32f4xx_hal.o
                0x08001bf4                HAL_Delay
 .text.HAL_ADC_Init
                0x08001c3c       0x86 ./Drivers/STM32F4xx_HAL_Driver/Src/stm32f4xx_hal_adc.o
                0x08001c3c                HAL_ADC_Init
 *fill*         0x08001cc2        0x2 
 .text.HAL_ADC_Start_DMA
                0x08001cc4      0x1e0 ./Drivers/STM32F4xx_HAL_Driver/Src/stm32f4xx_hal_adc.o
                0x08001cc4                HAL_ADC_Start_DMA
 .text.HAL_ADC_ConvHalfCpltCallback
                0x08001ea4       0x14 ./Drivers/STM32F4xx_HAL_Driver/Src/stm32f4xx_hal_adc.o
                0x08001ea4                HAL_ADC_ConvHalfCpltCallback
 .text.HAL_ADC_ErrorCallback
                0x08001eb8       0x14 ./Drivers/STM32F4xx_HAL_Driver/Src/stm32f4xx_hal_adc.o
                0x08001eb8                HAL_ADC_ErrorCallback
 .text.HAL_ADC_ConfigChannel
                0x08001ecc      0x264 ./Drivers/STM32F4xx_HAL_Driver/Src/stm32f4xx_hal_adc.o
                0x08001ecc                HAL_ADC_ConfigChannel
 .text.ADC_Init
                0x08002130      0x1f8 ./Drivers/STM32F4xx_HAL_Driver/Src/stm32f4xx_hal_adc.o
 .text.ADC_DMAConvCplt
                0x08002328       0xba ./Drivers/STM32F4xx_HAL_Driver/Src/stm32f4xx_hal_adc.o
 .text.ADC_DMAHalfConvCplt
                0x080023e2       0x1c ./Drivers/STM32F4xx_HAL_Driver/Src/stm32f4xx_hal_adc.o
 .text.ADC_DMAError
                0x080023fe       0x2e ./Drivers/STM32F4xx_HAL_Driver/Src/stm32f4xx_hal_adc.o
 .text.__NVIC_SetPriorityGrouping
                0x0800242c       0x48 ./Drivers/STM32F4xx_HAL_Driver/Src/stm32f4xx_hal_cortex.o
 .text.__NVIC_GetPriorityGrouping
                0x08002474       0x1c ./Drivers/STM32F4xx_HAL_Driver/Src/stm32f4xx_hal_cortex.o
 .text.__NVIC_EnableIRQ
                0x08002490       0x3c ./Drivers/STM32F4xx_HAL_Driver/Src/stm32f4xx_hal_cortex.o
 .text.__NVIC_SetPriority
                0x080024cc       0x54 ./Drivers/STM32F4xx_HAL_Driver/Src/stm32f4xx_hal_cortex.o
 .text.NVIC_EncodePriority
                0x08002520       0x66 ./Drivers/STM32F4xx_HAL_Driver/Src/stm32f4xx_hal_cortex.o
 .text.HAL_NVIC_SetPriorityGrouping
                0x08002586       0x16 ./Drivers/STM32F4xx_HAL_Driver/Src/stm32f4xx_hal_cortex.o
                0x08002586                HAL_NVIC_SetPriorityGrouping
 .text.HAL_NVIC_SetPriority
                0x0800259c       0x38 ./Drivers/STM32F4xx_HAL_Driver/Src/stm32f4xx_hal_cortex.o
                0x0800259c                HAL_NVIC_SetPriority
 .text.HAL_NVIC_EnableIRQ
                0x080025d4       0x1c ./Drivers/STM32F4xx_HAL_Driver/Src/stm32f4xx_hal_cortex.o
                0x080025d4                HAL_NVIC_EnableIRQ
 .text.HAL_DMA_Init
                0x080025f0      0x15c ./Drivers/STM32F4xx_HAL_Driver/Src/stm32f4xx_hal_dma.o
                0x080025f0                HAL_DMA_Init
 .text.HAL_DMA_Start_IT
                0x0800274c       0xb0 ./Drivers/STM32F4xx_HAL_Driver/Src/stm32f4xx_hal_dma.o
                0x0800274c                HAL_DMA_Start_IT
 .text.HAL_DMA_IRQHandler
                0x080027fc      0x314 ./Drivers/STM32F4xx_HAL_Driver/Src/stm32f4xx_hal_dma.o
                0x080027fc                HAL_DMA_IRQHandler
 .text.DMA_SetConfig
                0x08002b10       0x5c ./Drivers/STM32F4xx_HAL_Driver/Src/stm32f4xx_hal_dma.o
 .text.DMA_CalcBaseAndBitshift
                0x08002b6c       0x6c ./Drivers/STM32F4xx_HAL_Driver/Src/stm32f4xx_hal_dma.o
 .text.DMA_CheckFifoParam
                0x08002bd8       0xf8 ./Drivers/STM32F4xx_HAL_Driver/Src/stm32f4xx_hal_dma.o
 .text.HAL_GPIO_Init
                0x08002cd0      0x308 ./Drivers/STM32F4xx_HAL_Driver/Src/stm32f4xx_hal_gpio.o
                0x08002cd0                HAL_GPIO_Init
 .text.HAL_GPIO_ReadPin
                0x08002fd8       0x30 ./Drivers/STM32F4xx_HAL_Driver/Src/stm32f4xx_hal_gpio.o
                0x08002fd8                HAL_GPIO_ReadPin
 .text.HAL_GPIO_WritePin
                0x08003008       0x32 ./Drivers/STM32F4xx_HAL_Driver/Src/stm32f4xx_hal_gpio.o
                0x08003008                HAL_GPIO_WritePin
 .text.HAL_GPIO_TogglePin
                0x0800303a       0x34 ./Drivers/STM32F4xx_HAL_Driver/Src/stm32f4xx_hal_gpio.o
                0x0800303a                HAL_GPIO_TogglePin
 *fill*         0x0800306e        0x2 
 .text.HAL_RCC_OscConfig
                0x08003070      0x4f0 ./Drivers/STM32F4xx_HAL_Driver/Src/stm32f4xx_hal_rcc.o
                0x08003070                HAL_RCC_OscConfig
 .text.HAL_RCC_ClockConfig
                0x08003560      0x1cc ./Drivers/STM32F4xx_HAL_Driver/Src/stm32f4xx_hal_rcc.o
                0x08003560                HAL_RCC_ClockConfig
 .text.HAL_RCC_GetSysClockFreq
                0x0800372c      0x18c ./Drivers/STM32F4xx_HAL_Driver/Src/stm32f4xx_hal_rcc.o
                0x0800372c                HAL_RCC_GetSysClockFreq
 .text.HAL_RCC_GetHCLKFreq
                0x080038b8       0x18 ./Drivers/STM32F4xx_HAL_Driver/Src/stm32f4xx_hal_rcc.o
                0x080038b8                HAL_RCC_GetHCLKFreq
 .text.HAL_RCC_GetPCLK1Freq
                0x080038d0       0x28 ./Drivers/STM32F4xx_HAL_Driver/Src/stm32f4xx_hal_rcc.o
                0x080038d0                HAL_RCC_GetPCLK1Freq
 .text.HAL_RCC_GetClockConfig
                0x080038f8       0x64 ./Drivers/STM32F4xx_HAL_Driver/Src/stm32f4xx_hal_rcc.o
                0x080038f8                HAL_RCC_GetClockConfig
 .text.HAL_SPI_Init
                0x0800395c      0x112 ./Drivers/STM32F4xx_HAL_Driver/Src/stm32f4xx_hal_spi.o
                0x0800395c                HAL_SPI_Init
 .text.HAL_SPI_Transmit
                0x08003a6e      0x286 ./Drivers/STM32F4xx_HAL_Driver/Src/stm32f4xx_hal_spi.o
                0x08003a6e                HAL_SPI_Transmit
 .text.SPI_WaitFlagStateUntilTimeout
                0x08003cf4      0x110 ./Drivers/STM32F4xx_HAL_Driver/Src/stm32f4xx_hal_spi.o
 .text.SPI_EndRxTxTransaction
                0x08003e04       0xa8 ./Drivers/STM32F4xx_HAL_Driver/Src/stm32f4xx_hal_spi.o
 .text.HAL_TIM_Base_Init
                0x08003eac       0x9e ./Drivers/STM32F4xx_HAL_Driver/Src/stm32f4xx_hal_tim.o
                0x08003eac                HAL_TIM_Base_Init
 .text.HAL_TIM_Base_MspInit
                0x08003f4a       0x14 ./Drivers/STM32F4xx_HAL_Driver/Src/stm32f4xx_hal_tim.o
                0x08003f4a                HAL_TIM_Base_MspInit
 *fill*         0x08003f5e        0x2 
 .text.HAL_TIM_Base_Start_IT
                0x08003f60       0xc4 ./Drivers/STM32F4xx_HAL_Driver/Src/stm32f4xx_hal_tim.o
                0x08003f60                HAL_TIM_Base_Start_IT
 .text.HAL_TIM_IRQHandler
                0x08004024      0x1e0 ./Drivers/STM32F4xx_HAL_Driver/Src/stm32f4xx_hal_tim.o
                0x08004024                HAL_TIM_IRQHandler
 .text.HAL_TIM_OC_DelayElapsedCallback
                0x08004204       0x14 ./Drivers/STM32F4xx_HAL_Driver/Src/stm32f4xx_hal_tim.o
                0x08004204                HAL_TIM_OC_DelayElapsedCallback
 .text.HAL_TIM_IC_CaptureCallback
                0x08004218       0x14 ./Drivers/STM32F4xx_HAL_Driver/Src/stm32f4xx_hal_tim.o
                0x08004218                HAL_TIM_IC_CaptureCallback
 .text.HAL_TIM_PWM_PulseFinishedCallback
                0x0800422c       0x14 ./Drivers/STM32F4xx_HAL_Driver/Src/stm32f4xx_hal_tim.o
                0x0800422c                HAL_TIM_PWM_PulseFinishedCallback
 .text.HAL_TIM_TriggerCallback
                0x08004240       0x14 ./Drivers/STM32F4xx_HAL_Driver/Src/stm32f4xx_hal_tim.o
                0x08004240                HAL_TIM_TriggerCallback
 .text.TIM_Base_SetConfig
                0x08004254      0x118 ./Drivers/STM32F4xx_HAL_Driver/Src/stm32f4xx_hal_tim.o
                0x08004254                TIM_Base_SetConfig
 .text.HAL_TIMEx_CommutCallback
                0x0800436c       0x14 ./Drivers/STM32F4xx_HAL_Driver/Src/stm32f4xx_hal_tim_ex.o
                0x0800436c                HAL_TIMEx_CommutCallback
 .text.HAL_TIMEx_BreakCallback
                0x08004380       0x14 ./Drivers/STM32F4xx_HAL_Driver/Src/stm32f4xx_hal_tim_ex.o
                0x08004380                HAL_TIMEx_BreakCallback
 .text.__NVIC_SetPriority
                0x08004394       0x54 ./Middlewares/Third_Party/FreeRTOS/Source/CMSIS_RTOS_V2/cmsis_os2.o
 .text.SysTick_Handler
                0x080043e8       0x20 ./Middlewares/Third_Party/FreeRTOS/Source/CMSIS_RTOS_V2/cmsis_os2.o
                0x080043e8                SysTick_Handler
 .text.SVC_Setup
                0x08004408       0x12 ./Middlewares/Third_Party/FreeRTOS/Source/CMSIS_RTOS_V2/cmsis_os2.o
 *fill*         0x0800441a        0x2 
 .text.osKernelInitialize
                0x0800441c       0x48 ./Middlewares/Third_Party/FreeRTOS/Source/CMSIS_RTOS_V2/cmsis_os2.o
                0x0800441c                osKernelInitialize
 .text.osKernelStart
                0x08004464       0x4c ./Middlewares/Third_Party/FreeRTOS/Source/CMSIS_RTOS_V2/cmsis_os2.o
                0x08004464                osKernelStart
 .text.osThreadNew
                0x080044b0      0x124 ./Middlewares/Third_Party/FreeRTOS/Source/CMSIS_RTOS_V2/cmsis_os2.o
                0x080044b0                osThreadNew
 .text.osDelay  0x080045d4       0x36 ./Middlewares/Third_Party/FreeRTOS/Source/CMSIS_RTOS_V2/cmsis_os2.o
                0x080045d4                osDelay
 *fill*         0x0800460a        0x2 
 .text.vApplicationGetIdleTaskMemory
                0x0800460c       0x34 ./Middlewares/Third_Party/FreeRTOS/Source/CMSIS_RTOS_V2/cmsis_os2.o
                0x0800460c                vApplicationGetIdleTaskMemory
 .text.vApplicationGetTimerTaskMemory
                0x08004640       0x34 ./Middlewares/Third_Party/FreeRTOS/Source/CMSIS_RTOS_V2/cmsis_os2.o
                0x08004640                vApplicationGetTimerTaskMemory
 .text.vListInitialise
                0x08004674       0x40 ./Middlewares/Third_Party/FreeRTOS/Source/list.o
                0x08004674                vListInitialise
 .text.vListInitialiseItem
                0x080046b4       0x1a ./Middlewares/Third_Party/FreeRTOS/Source/list.o
                0x080046b4                vListInitialiseItem
 .text.vListInsertEnd
                0x080046ce       0x48 ./Middlewares/Third_Party/FreeRTOS/Source/list.o
                0x080046ce                vListInsertEnd
 .text.vListInsert
                0x08004716       0x72 ./Middlewares/Third_Party/FreeRTOS/Source/list.o
                0x08004716                vListInsert
 .text.uxListRemove
                0x08004788       0x54 ./Middlewares/Third_Party/FreeRTOS/Source/list.o
                0x08004788                uxListRemove
 .text.xQueueGenericReset
                0x080047dc       0xd4 ./Middlewares/Third_Party/FreeRTOS/Source/queue.o
                0x080047dc                xQueueGenericReset
 .text.xQueueGenericCreateStatic
                0x080048b0       0xfa ./Middlewares/Third_Party/FreeRTOS/Source/queue.o
                0x080048b0                xQueueGenericCreateStatic
 .text.prvInitialiseNewQueue
                0x080049aa       0x46 ./Middlewares/Third_Party/FreeRTOS/Source/queue.o
 .text.xQueueGenericSend
                0x080049f0      0x204 ./Middlewares/Third_Party/FreeRTOS/Source/queue.o
                0x080049f0                xQueueGenericSend
 .text.xQueueGenericSendFromISR
                0x08004bf4      0x13c ./Middlewares/Third_Party/FreeRTOS/Source/queue.o
                0x08004bf4                xQueueGenericSendFromISR
 .text.xQueueReceive
                0x08004d30      0x1c4 ./Middlewares/Third_Party/FreeRTOS/Source/queue.o
                0x08004d30                xQueueReceive
 .text.prvCopyDataToQueue
                0x08004ef4       0xd4 ./Middlewares/Third_Party/FreeRTOS/Source/queue.o
 .text.prvCopyDataFromQueue
                0x08004fc8       0x4c ./Middlewares/Third_Party/FreeRTOS/Source/queue.o
 .text.prvUnlockQueue
                0x08005014       0xa4 ./Middlewares/Third_Party/FreeRTOS/Source/queue.o
 .text.prvIsQueueEmpty
                0x080050b8       0x2c ./Middlewares/Third_Party/FreeRTOS/Source/queue.o
 .text.prvIsQueueFull
                0x080050e4       0x30 ./Middlewares/Third_Party/FreeRTOS/Source/queue.o
 .text.vQueueAddToRegistry
                0x08005114       0x54 ./Middlewares/Third_Party/FreeRTOS/Source/queue.o
                0x08005114                vQueueAddToRegistry
 .text.vQueueWaitForMessageRestricted
                0x08005168       0x68 ./Middlewares/Third_Party/FreeRTOS/Source/queue.o
                0x08005168                vQueueWaitForMessageRestricted
 .text.xTaskCreateStatic
                0x080051d0       0xc0 ./Middlewares/Third_Party/FreeRTOS/Source/tasks.o
                0x080051d0                xTaskCreateStatic
 .text.xTaskCreate
                0x08005290       0x8a ./Middlewares/Third_Party/FreeRTOS/Source/tasks.o
                0x08005290                xTaskCreate
 *fill*         0x0800531a        0x2 
 .text.prvInitialiseNewTask
                0x0800531c      0x150 ./Middlewares/Third_Party/FreeRTOS/Source/tasks.o
 .text.prvAddNewTaskToReadyList
                0x0800546c       0xe0 ./Middlewares/Third_Party/FreeRTOS/Source/tasks.o
 .text.vTaskDelay
                0x0800554c       0x6c ./Middlewares/Third_Party/FreeRTOS/Source/tasks.o
                0x0800554c                vTaskDelay
 .text.vTaskStartScheduler
                0x080055b8       0xe0 ./Middlewares/Third_Party/FreeRTOS/Source/tasks.o
                0x080055b8                vTaskStartScheduler
 .text.vTaskSuspendAll
                0x08005698       0x1c ./Middlewares/Third_Party/FreeRTOS/Source/tasks.o
                0x08005698                vTaskSuspendAll
 .text.xTaskResumeAll
                0x080056b4      0x13c ./Middlewares/Third_Party/FreeRTOS/Source/tasks.o
                0x080056b4                xTaskResumeAll
 .text.xTaskGetTickCount
                0x080057f0       0x20 ./Middlewares/Third_Party/FreeRTOS/Source/tasks.o
                0x080057f0                xTaskGetTickCount
 .text.xTaskIncrementTick
                0x08005810      0x174 ./Middlewares/Third_Party/FreeRTOS/Source/tasks.o
                0x08005810                xTaskIncrementTick
 .text.vTaskSwitchContext
                0x08005984       0xcc ./Middlewares/Third_Party/FreeRTOS/Source/tasks.o
                0x08005984                vTaskSwitchContext
 .text.vTaskPlaceOnEventList
                0x08005a50       0x4c ./Middlewares/Third_Party/FreeRTOS/Source/tasks.o
                0x08005a50                vTaskPlaceOnEventList
 .text.vTaskPlaceOnEventListRestricted
                0x08005a9c       0x58 ./Middlewares/Third_Party/FreeRTOS/Source/tasks.o
                0x08005a9c                vTaskPlaceOnEventListRestricted
 .text.xTaskRemoveFromEventList
                0x08005af4       0xc8 ./Middlewares/Third_Party/FreeRTOS/Source/tasks.o
                0x08005af4                xTaskRemoveFromEventList
 .text.vTaskInternalSetTimeOutState
                0x08005bbc       0x2c ./Middlewares/Third_Party/FreeRTOS/Source/tasks.o
                0x08005bbc                vTaskInternalSetTimeOutState
 .text.xTaskCheckForTimeOut
                0x08005be8       0xc8 ./Middlewares/Third_Party/FreeRTOS/Source/tasks.o
                0x08005be8                xTaskCheckForTimeOut
 .text.vTaskMissedYield
                0x08005cb0       0x18 ./Middlewares/Third_Party/FreeRTOS/Source/tasks.o
                0x08005cb0                vTaskMissedYield
 .text.prvIdleTask
                0x08005cc8       0x30 ./Middlewares/Third_Party/FreeRTOS/Source/tasks.o
 .text.prvInitialiseTaskLists
                0x08005cf8       0x80 ./Middlewares/Third_Party/FreeRTOS/Source/tasks.o
 .text.prvCheckTasksWaitingTermination
                0x08005d78       0x5c ./Middlewares/Third_Party/FreeRTOS/Source/tasks.o
 .text.prvDeleteTCB
                0x08005dd4       0x6a ./Middlewares/Third_Party/FreeRTOS/Source/tasks.o
 *fill*         0x08005e3e        0x2 
 .text.prvResetNextTaskUnblockTime
                0x08005e40       0x40 ./Middlewares/Third_Party/FreeRTOS/Source/tasks.o
 .text.xTaskGetSchedulerState
                0x08005e80       0x3c ./Middlewares/Third_Party/FreeRTOS/Source/tasks.o
                0x08005e80                xTaskGetSchedulerState
 .text.xTaskPriorityDisinherit
                0x08005ebc       0xe0 ./Middlewares/Third_Party/FreeRTOS/Source/tasks.o
                0x08005ebc                xTaskPriorityDisinherit
 .text.prvAddCurrentTaskToDelayedList
                0x08005f9c       0xa8 ./Middlewares/Third_Party/FreeRTOS/Source/tasks.o
 .text.xTimerCreateTimerTask
                0x08006044       0x94 ./Middlewares/Third_Party/FreeRTOS/Source/timers.o
                0x08006044                xTimerCreateTimerTask
 .text.xTimerGenericCommand
                0x080060d8       0x9c ./Middlewares/Third_Party/FreeRTOS/Source/timers.o
                0x080060d8                xTimerGenericCommand
 .text.prvProcessExpiredTimer
                0x08006174       0x9c ./Middlewares/Third_Party/FreeRTOS/Source/timers.o
 .text.prvTimerTask
                0x08006210       0x26 ./Middlewares/Third_Party/FreeRTOS/Source/timers.o
 *fill*         0x08006236        0x2 
 .text.prvProcessTimerOrBlockTask
                0x08006238       0x9c ./Middlewares/Third_Party/FreeRTOS/Source/timers.o
 .text.prvGetNextExpireTime
                0x080062d4       0x48 ./Middlewares/Third_Party/FreeRTOS/Source/timers.o
 .text.prvSampleTimeNow
                0x0800631c       0x40 ./Middlewares/Third_Party/FreeRTOS/Source/timers.o
 .text.prvInsertTimerInActiveList
                0x0800635c       0x84 ./Middlewares/Third_Party/FreeRTOS/Source/timers.o
 .text.prvProcessReceivedCommands
                0x080063e0      0x1cc ./Middlewares/Third_Party/FreeRTOS/Source/timers.o
 .text.prvSwitchTimerLists
                0x080065ac       0xcc ./Middlewares/Third_Party/FreeRTOS/Source/timers.o
 .text.prvCheckForValidListAndQueue
                0x08006678       0x80 ./Middlewares/Third_Party/FreeRTOS/Source/timers.o
 .text.pxPortInitialiseStack
                0x080066f8       0x68 ./Middlewares/Third_Party/FreeRTOS/Source/portable/GCC/ARM_CM4F/port.o
                0x080066f8                pxPortInitialiseStack
 .text.prvTaskExitError
                0x08006760       0x5c ./Middlewares/Third_Party/FreeRTOS/Source/portable/GCC/ARM_CM4F/port.o
 *fill*         0x080067bc        0x4 
 .text.SVC_Handler
                0x080067c0       0x28 ./Middlewares/Third_Party/FreeRTOS/Source/portable/GCC/ARM_CM4F/port.o
                0x080067c0                SVC_Handler
 .text.prvPortStartFirstTask
                0x080067e8       0x28 ./Middlewares/Third_Party/FreeRTOS/Source/portable/GCC/ARM_CM4F/port.o
 .text.xPortStartScheduler
                0x08006810      0x148 ./Middlewares/Third_Party/FreeRTOS/Source/portable/GCC/ARM_CM4F/port.o
                0x08006810                xPortStartScheduler
 .text.vPortEnterCritical
                0x08006958       0x64 ./Middlewares/Third_Party/FreeRTOS/Source/portable/GCC/ARM_CM4F/port.o
                0x08006958                vPortEnterCritical
 .text.vPortExitCritical
                0x080069bc       0x54 ./Middlewares/Third_Party/FreeRTOS/Source/portable/GCC/ARM_CM4F/port.o
                0x080069bc                vPortExitCritical
 .text.PendSV_Handler
                0x08006a10       0x68 ./Middlewares/Third_Party/FreeRTOS/Source/portable/GCC/ARM_CM4F/port.o
                0x08006a10                PendSV_Handler
 .text.xPortSysTickHandler
                0x08006a78       0x44 ./Middlewares/Third_Party/FreeRTOS/Source/portable/GCC/ARM_CM4F/port.o
                0x08006a78                xPortSysTickHandler
 .text.vPortSetupTimerInterrupt
                0x08006abc       0x48 ./Middlewares/Third_Party/FreeRTOS/Source/portable/GCC/ARM_CM4F/port.o
                0x08006abc                vPortSetupTimerInterrupt
 .text.vPortEnableVFP
                0x08006b04       0x14 ./Middlewares/Third_Party/FreeRTOS/Source/portable/GCC/ARM_CM4F/port.o
 .text.vPortValidateInterruptPriority
                0x08006b18       0x84 ./Middlewares/Third_Party/FreeRTOS/Source/portable/GCC/ARM_CM4F/port.o
                0x08006b18                vPortValidateInterruptPriority
 .text.pvPortMalloc
                0x08006b9c      0x19c ./Middlewares/Third_Party/FreeRTOS/Source/portable/MemMang/heap_4.o
                0x08006b9c                pvPortMalloc
 .text.vPortFree
                0x08006d38       0xc8 ./Middlewares/Third_Party/FreeRTOS/Source/portable/MemMang/heap_4.o
                0x08006d38                vPortFree
 .text.prvHeapInit
                0x08006e00       0xc4 ./Middlewares/Third_Party/FreeRTOS/Source/portable/MemMang/heap_4.o
 .text.prvInsertBlockIntoFreeList
                0x08006ec4       0xb4 ./Middlewares/Third_Party/FreeRTOS/Source/portable/MemMang/heap_4.o
 .text.__malloc_lock
                0x08006f78        0xc F:/ST/STM32CubeIDE_1.16.0/STM32CubeIDE/plugins/com.st.stm32cube.ide.mcu.externaltools.gnu-tools-for-stm32.12.3.rel1.win32_1.0.200.202406191623/tools/bin/../lib/gcc/arm-none-eabi/12.3.1/../../../../arm-none-eabi/lib/thumb/v7e-m+fp/hard\libc_nano.a(libc_a-mlock.o)
                0x08006f78                __malloc_lock
 .text.__malloc_unlock
                0x08006f84        0xc F:/ST/STM32CubeIDE_1.16.0/STM32CubeIDE/plugins/com.st.stm32cube.ide.mcu.externaltools.gnu-tools-for-stm32.12.3.rel1.win32_1.0.200.202406191623/tools/bin/../lib/gcc/arm-none-eabi/12.3.1/../../../../arm-none-eabi/lib/thumb/v7e-m+fp/hard\libc_nano.a(libc_a-mlock.o)
                0x08006f84                __malloc_unlock
 .text.memset   0x08006f90       0x10 F:/ST/STM32CubeIDE_1.16.0/STM32CubeIDE/plugins/com.st.stm32cube.ide.mcu.externaltools.gnu-tools-for-stm32.12.3.rel1.win32_1.0.200.202406191623/tools/bin/../lib/gcc/arm-none-eabi/12.3.1/../../../../arm-none-eabi/lib/thumb/v7e-m+fp/hard\libc_nano.a(libc_a-memset.o)
                0x08006f90                memset
 .text._reclaim_reent
                0x08006fa0       0xac F:/ST/STM32CubeIDE_1.16.0/STM32CubeIDE/plugins/com.st.stm32cube.ide.mcu.externaltools.gnu-tools-for-stm32.12.3.rel1.win32_1.0.200.202406191623/tools/bin/../lib/gcc/arm-none-eabi/12.3.1/../../../../arm-none-eabi/lib/thumb/v7e-m+fp/hard\libc_nano.a(libc_a-reent.o)
                0x08006fa0                _reclaim_reent
 .text.__libc_init_array
                0x0800704c       0x48 F:/ST/STM32CubeIDE_1.16.0/STM32CubeIDE/plugins/com.st.stm32cube.ide.mcu.externaltools.gnu-tools-for-stm32.12.3.rel1.win32_1.0.200.202406191623/tools/bin/../lib/gcc/arm-none-eabi/12.3.1/../../../../arm-none-eabi/lib/thumb/v7e-m+fp/hard\libc_nano.a(libc_a-init.o)
                0x0800704c                __libc_init_array
 .text.__retarget_lock_acquire_recursive
                0x08007094        0x2 F:/ST/STM32CubeIDE_1.16.0/STM32CubeIDE/plugins/com.st.stm32cube.ide.mcu.externaltools.gnu-tools-for-stm32.12.3.rel1.win32_1.0.200.202406191623/tools/bin/../lib/gcc/arm-none-eabi/12.3.1/../../../../arm-none-eabi/lib/thumb/v7e-m+fp/hard\libc_nano.a(libc_a-lock.o)
                0x08007094                __retarget_lock_acquire_recursive
 .text.__retarget_lock_release_recursive
                0x08007096        0x2 F:/ST/STM32CubeIDE_1.16.0/STM32CubeIDE/plugins/com.st.stm32cube.ide.mcu.externaltools.gnu-tools-for-stm32.12.3.rel1.win32_1.0.200.202406191623/tools/bin/../lib/gcc/arm-none-eabi/12.3.1/../../../../arm-none-eabi/lib/thumb/v7e-m+fp/hard\libc_nano.a(libc_a-lock.o)
                0x08007096                __retarget_lock_release_recursive
 .text.memcpy   0x08007098       0x1c F:/ST/STM32CubeIDE_1.16.0/STM32CubeIDE/plugins/com.st.stm32cube.ide.mcu.externaltools.gnu-tools-for-stm32.12.3.rel1.win32_1.0.200.202406191623/tools/bin/../lib/gcc/arm-none-eabi/12.3.1/../../../../arm-none-eabi/lib/thumb/v7e-m+fp/hard\libc_nano.a(libc_a-memcpy-stub.o)
                0x08007098                memcpy
 .text._free_r  0x080070b4       0x94 F:/ST/STM32CubeIDE_1.16.0/STM32CubeIDE/plugins/com.st.stm32cube.ide.mcu.externaltools.gnu-tools-for-stm32.12.3.rel1.win32_1.0.200.202406191623/tools/bin/../lib/gcc/arm-none-eabi/12.3.1/../../../../arm-none-eabi/lib/thumb/v7e-m+fp/hard\libc_nano.a(libc_a-freer.o)
                0x080070b4                _free_r
 *(.glue_7)
 .glue_7        0x08007148        0x0 linker stubs
 *(.glue_7t)
 .glue_7t       0x08007148        0x0 linker stubs
 *(.eh_frame)
 .eh_frame      0x08007148        0x0 F:/ST/STM32CubeIDE_1.16.0/STM32CubeIDE/plugins/com.st.stm32cube.ide.mcu.externaltools.gnu-tools-for-stm32.12.3.rel1.win32_1.0.200.202406191623/tools/bin/../lib/gcc/arm-none-eabi/12.3.1/thumb/v7e-m+fp/hard/crtbegin.o
 *(.init)
 .init          0x08007148        0x4 F:/ST/STM32CubeIDE_1.16.0/STM32CubeIDE/plugins/com.st.stm32cube.ide.mcu.externaltools.gnu-tools-for-stm32.12.3.rel1.win32_1.0.200.202406191623/tools/bin/../lib/gcc/arm-none-eabi/12.3.1/thumb/v7e-m+fp/hard/crti.o
                0x08007148                _init
 .init          0x0800714c        0x8 F:/ST/STM32CubeIDE_1.16.0/STM32CubeIDE/plugins/com.st.stm32cube.ide.mcu.externaltools.gnu-tools-for-stm32.12.3.rel1.win32_1.0.200.202406191623/tools/bin/../lib/gcc/arm-none-eabi/12.3.1/thumb/v7e-m+fp/hard/crtn.o
 *(.fini)
 .fini          0x08007154        0x4 F:/ST/STM32CubeIDE_1.16.0/STM32CubeIDE/plugins/com.st.stm32cube.ide.mcu.externaltools.gnu-tools-for-stm32.12.3.rel1.win32_1.0.200.202406191623/tools/bin/../lib/gcc/arm-none-eabi/12.3.1/thumb/v7e-m+fp/hard/crti.o
                0x08007154                _fini
 .fini          0x08007158        0x8 F:/ST/STM32CubeIDE_1.16.0/STM32CubeIDE/plugins/com.st.stm32cube.ide.mcu.externaltools.gnu-tools-for-stm32.12.3.rel1.win32_1.0.200.202406191623/tools/bin/../lib/gcc/arm-none-eabi/12.3.1/thumb/v7e-m+fp/hard/crtn.o
                0x08007160                        . = ALIGN (0x4)
                0x08007160                        _etext = .

.vfp11_veneer   0x08007160        0x0
 .vfp11_veneer  0x08007160        0x0 linker stubs

.v4_bx          0x08007160        0x0
 .v4_bx         0x08007160        0x0 linker stubs

.iplt           0x08007160        0x0
 .iplt          0x08007160        0x0 F:/ST/STM32CubeIDE_1.16.0/STM32CubeIDE/plugins/com.st.stm32cube.ide.mcu.externaltools.gnu-tools-for-stm32.12.3.rel1.win32_1.0.200.202406191623/tools/bin/../lib/gcc/arm-none-eabi/12.3.1/thumb/v7e-m+fp/hard/crtbegin.o

.rodata         0x08007160     0x6708
                0x08007160                        . = ALIGN (0x4)
 *(.rodata)
 .rodata        0x08007160       0x3d ./Core/Src/game_logic.o
 *fill*         0x0800719d        0x3 
 .rodata        0x080071a0       0x3d ./Core/Src/main.o
 *fill*         0x080071dd        0x3 
 .rodata        0x080071e0        0x5 ./Middlewares/Third_Party/FreeRTOS/Source/tasks.o
 *fill*         0x080071e5        0x3 
 .rodata        0x080071e8        0xd ./Middlewares/Third_Party/FreeRTOS/Source/timers.o
 *(.rodata*)
 *fill*         0x080071f5        0x3 
 .rodata.campo_minado_grande
                0x080071f8       0xdc ./Core/Src/figuras.o
 .rodata.soldado0
                0x080072d4        0xe ./Core/Src/figuras.o
 *fill*         0x080072e2        0x2 
 .rodata.Font7x10
                0x080072e4      0x76c ./Core/Src/fonts.o
 .rodata.Font11x18
                0x08007a50      0xd5c ./Core/Src/fonts.o
 .rodata.game_map
                0x080087ac     0x5000 ./Core/Src/game_map.o
                0x080087ac                game_map
 .rodata.defaultTask_attributes
                0x0800d7ac       0x24 ./Core/Src/main.o
                0x0800d7ac                defaultTask_attributes
 .rodata.init_cmds1
                0x0800d7d0       0x3b ./Core/Src/st7735.o
 *fill*         0x0800d80b        0x1 
 .rodata.init_cmds2
                0x0800d80c        0xd ./Core/Src/st7735.o
 *fill*         0x0800d819        0x3 
 .rodata.init_cmds3
                0x0800d81c       0x2b ./Core/Src/st7735.o
 *fill*         0x0800d847        0x1 
 .rodata.AHBPrescTable
                0x0800d848       0x10 ./Core/Src/system_stm32f4xx.o
                0x0800d848                AHBPrescTable
 .rodata.APBPrescTable
                0x0800d858        0x8 ./Core/Src/system_stm32f4xx.o
                0x0800d858                APBPrescTable
 .rodata.flagBitshiftOffset.0
                0x0800d860        0x8 ./Drivers/STM32F4xx_HAL_Driver/Src/stm32f4xx_hal_dma.o
                0x0800d868                        . = ALIGN (0x4)

.ARM.extab      0x0800d868        0x0
                0x0800d868                        . = ALIGN (0x4)
 *(.ARM.extab* .gnu.linkonce.armextab.*)
                0x0800d868                        . = ALIGN (0x4)

.ARM            0x0800d868        0x8
                0x0800d868                        . = ALIGN (0x4)
                0x0800d868                        __exidx_start = .
 *(.ARM.exidx*)
 .ARM.exidx     0x0800d868        0x8 F:/ST/STM32CubeIDE_1.16.0/STM32CubeIDE/plugins/com.st.stm32cube.ide.mcu.externaltools.gnu-tools-for-stm32.12.3.rel1.win32_1.0.200.202406191623/tools/bin/../lib/gcc/arm-none-eabi/12.3.1/thumb/v7e-m+fp/hard\libgcc.a(_udivmoddi4.o)
                0x0800d870                        __exidx_end = .
                0x0800d870                        . = ALIGN (0x4)

.preinit_array  0x0800d870        0x0
                0x0800d870                        . = ALIGN (0x4)
                0x0800d870                        PROVIDE (__preinit_array_start = .)
 *(.preinit_array*)
                0x0800d870                        PROVIDE (__preinit_array_end = .)
                0x0800d870                        . = ALIGN (0x4)

.init_array     0x0800d870        0x4
                0x0800d870                        . = ALIGN (0x4)
                0x0800d870                        PROVIDE (__init_array_start = .)
 *(SORT_BY_NAME(.init_array.*))
 *(.init_array*)
 .init_array    0x0800d870        0x4 F:/ST/STM32CubeIDE_1.16.0/STM32CubeIDE/plugins/com.st.stm32cube.ide.mcu.externaltools.gnu-tools-for-stm32.12.3.rel1.win32_1.0.200.202406191623/tools/bin/../lib/gcc/arm-none-eabi/12.3.1/thumb/v7e-m+fp/hard/crtbegin.o
                0x0800d874                        PROVIDE (__init_array_end = .)
                0x0800d874                        . = ALIGN (0x4)

.fini_array     0x0800d874        0x4
                0x0800d874                        . = ALIGN (0x4)
                [!provide]                        PROVIDE (__fini_array_start = .)
 *(SORT_BY_NAME(.fini_array.*))
 *(.fini_array*)
 .fini_array    0x0800d874        0x4 F:/ST/STM32CubeIDE_1.16.0/STM32CubeIDE/plugins/com.st.stm32cube.ide.mcu.externaltools.gnu-tools-for-stm32.12.3.rel1.win32_1.0.200.202406191623/tools/bin/../lib/gcc/arm-none-eabi/12.3.1/thumb/v7e-m+fp/hard/crtbegin.o
                [!provide]                        PROVIDE (__fini_array_end = .)
                0x0800d878                        . = ALIGN (0x4)
                0x0800d878                        _sidata = LOADADDR (.data)

.rel.dyn        0x0800d878        0x0
 .rel.iplt      0x0800d878        0x0 F:/ST/STM32CubeIDE_1.16.0/STM32CubeIDE/plugins/com.st.stm32cube.ide.mcu.externaltools.gnu-tools-for-stm32.12.3.rel1.win32_1.0.200.202406191623/tools/bin/../lib/gcc/arm-none-eabi/12.3.1/thumb/v7e-m+fp/hard/crtbegin.o

.data           0x20000000       0x80 load address 0x0800d878
                0x20000000                        . = ALIGN (0x4)
                0x20000000                        _sdata = .
 *(.data)
 *(.data*)
 .data.fig_campo_minado
                0x20000000        0x8 ./Core/Src/figuras.o
                0x20000000                fig_campo_minado
 .data.soldado  0x20000008        0x8 ./Core/Src/figuras.o
                0x20000008                soldado
 .data.Font_7x10
                0x20000010        0x8 ./Core/Src/fonts.o
                0x20000010                Font_7x10
 .data.Font_11x18
                0x20000018        0x8 ./Core/Src/fonts.o
                0x20000018                Font_11x18
 .data.SystemCoreClock
                0x20000020        0x4 ./Core/Src/system_stm32f4xx.o
                0x20000020                SystemCoreClock
 .data.uwTickPrio
                0x20000024        0x4 ./Drivers/STM32F4xx_HAL_Driver/Src/stm32f4xx_hal.o
                0x20000024                uwTickPrio
 .data.uwTickFreq
                0x20000028        0x1 ./Drivers/STM32F4xx_HAL_Driver/Src/stm32f4xx_hal.o
                0x20000028                uwTickFreq
 *fill*         0x20000029        0x3 
 .data.uxCriticalNesting
                0x2000002c        0x4 ./Middlewares/Third_Party/FreeRTOS/Source/portable/GCC/ARM_CM4F/port.o
 .data._impure_ptr
                0x20000030        0x4 F:/ST/STM32CubeIDE_1.16.0/STM32CubeIDE/plugins/com.st.stm32cube.ide.mcu.externaltools.gnu-tools-for-stm32.12.3.rel1.win32_1.0.200.202406191623/tools/bin/../lib/gcc/arm-none-eabi/12.3.1/../../../../arm-none-eabi/lib/thumb/v7e-m+fp/hard\libc_nano.a(libc_a-impure.o)
                0x20000030                _impure_ptr
 .data._impure_data
                0x20000034       0x4c F:/ST/STM32CubeIDE_1.16.0/STM32CubeIDE/plugins/com.st.stm32cube.ide.mcu.externaltools.gnu-tools-for-stm32.12.3.rel1.win32_1.0.200.202406191623/tools/bin/../lib/gcc/arm-none-eabi/12.3.1/../../../../arm-none-eabi/lib/thumb/v7e-m+fp/hard\libc_nano.a(libc_a-impure.o)
                0x20000034                _impure_data
 *(.RamFunc)
 *(.RamFunc*)
                0x20000080                        . = ALIGN (0x4)
                0x20000080                        _edata = .

.igot.plt       0x20000080        0x0 load address 0x0800d8f8
 .igot.plt      0x20000080        0x0 F:/ST/STM32CubeIDE_1.16.0/STM32CubeIDE/plugins/com.st.stm32cube.ide.mcu.externaltools.gnu-tools-for-stm32.12.3.rel1.win32_1.0.200.202406191623/tools/bin/../lib/gcc/arm-none-eabi/12.3.1/thumb/v7e-m+fp/hard/crtbegin.o
                0x20000080                        . = ALIGN (0x4)

.bss            0x20000080     0x4cf0 load address 0x0800d8f8
                0x20000080                        _sbss = .
                0x20000080                        __bss_start__ = _sbss
 *(.bss)
 .bss           0x20000080       0x1c F:/ST/STM32CubeIDE_1.16.0/STM32CubeIDE/plugins/com.st.stm32cube.ide.mcu.externaltools.gnu-tools-for-stm32.12.3.rel1.win32_1.0.200.202406191623/tools/bin/../lib/gcc/arm-none-eabi/12.3.1/thumb/v7e-m+fp/hard/crtbegin.o
 *(.bss*)
 .bss.lfsr      0x2000009c        0x4 ./Core/Src/PRNG_LFSR.o
                0x2000009c                lfsr
 .bss.hadc1     0x200000a0       0x48 ./Core/Src/main.o
                0x200000a0                hadc1
 .bss.hdma_adc1
                0x200000e8       0x60 ./Core/Src/main.o
                0x200000e8                hdma_adc1
 .bss.hspi1     0x20000148       0x58 ./Core/Src/main.o
                0x20000148                hspi1
 .bss.defaultTaskHandle
                0x200001a0        0x4 ./Core/Src/main.o
                0x200001a0                defaultTaskHandle
 .bss.ADC_buffer
                0x200001a4        0x4 ./Core/Src/main.o
                0x200001a4                ADC_buffer
 .bss.valor_ADC
                0x200001a8        0x4 ./Core/Src/main.o
                0x200001a8                valor_ADC
 .bss.player_x  0x200001ac        0x4 ./Core/Src/main.o
                0x200001ac                player_x
 .bss.player_y  0x200001b0        0x4 ./Core/Src/main.o
                0x200001b0                player_y
 .bss.red_balls
                0x200001b4       0x48 ./Core/Src/main.o
                0x200001b4                red_balls
 .bss.htim4     0x200001fc       0x48 ./Core/Src/stm32f4xx_hal_timebase_tim.o
                0x200001fc                htim4
 .bss.uwTick    0x20000244        0x4 ./Drivers/STM32F4xx_HAL_Driver/Src/stm32f4xx_hal.o
                0x20000244                uwTick
 .bss.KernelState
                0x20000248        0x4 ./Middlewares/Third_Party/FreeRTOS/Source/CMSIS_RTOS_V2/cmsis_os2.o
 .bss.Idle_TCB.3
                0x2000024c       0xa8 ./Middlewares/Third_Party/FreeRTOS/Source/CMSIS_RTOS_V2/cmsis_os2.o
 .bss.Idle_Stack.2
                0x200002f4      0x200 ./Middlewares/Third_Party/FreeRTOS/Source/CMSIS_RTOS_V2/cmsis_os2.o
 .bss.Timer_TCB.1
                0x200004f4       0xa8 ./Middlewares/Third_Party/FreeRTOS/Source/CMSIS_RTOS_V2/cmsis_os2.o
 .bss.Timer_Stack.0
                0x2000059c      0x400 ./Middlewares/Third_Party/FreeRTOS/Source/CMSIS_RTOS_V2/cmsis_os2.o
 .bss.xQueueRegistry
                0x2000099c       0x40 ./Middlewares/Third_Party/FreeRTOS/Source/queue.o
                0x2000099c                xQueueRegistry
 .bss.pxCurrentTCB
                0x200009dc        0x4 ./Middlewares/Third_Party/FreeRTOS/Source/tasks.o
                0x200009dc                pxCurrentTCB
 .bss.pxReadyTasksLists
                0x200009e0      0x460 ./Middlewares/Third_Party/FreeRTOS/Source/tasks.o
 .bss.xDelayedTaskList1
                0x20000e40       0x14 ./Middlewares/Third_Party/FreeRTOS/Source/tasks.o
 .bss.xDelayedTaskList2
                0x20000e54       0x14 ./Middlewares/Third_Party/FreeRTOS/Source/tasks.o
 .bss.pxDelayedTaskList
                0x20000e68        0x4 ./Middlewares/Third_Party/FreeRTOS/Source/tasks.o
 .bss.pxOverflowDelayedTaskList
                0x20000e6c        0x4 ./Middlewares/Third_Party/FreeRTOS/Source/tasks.o
 .bss.xPendingReadyList
                0x20000e70       0x14 ./Middlewares/Third_Party/FreeRTOS/Source/tasks.o
 .bss.xTasksWaitingTermination
                0x20000e84       0x14 ./Middlewares/Third_Party/FreeRTOS/Source/tasks.o
 .bss.uxDeletedTasksWaitingCleanUp
                0x20000e98        0x4 ./Middlewares/Third_Party/FreeRTOS/Source/tasks.o
 .bss.xSuspendedTaskList
                0x20000e9c       0x14 ./Middlewares/Third_Party/FreeRTOS/Source/tasks.o
 .bss.uxCurrentNumberOfTasks
                0x20000eb0        0x4 ./Middlewares/Third_Party/FreeRTOS/Source/tasks.o
 .bss.xTickCount
                0x20000eb4        0x4 ./Middlewares/Third_Party/FreeRTOS/Source/tasks.o
 .bss.uxTopReadyPriority
                0x20000eb8        0x4 ./Middlewares/Third_Party/FreeRTOS/Source/tasks.o
 .bss.xSchedulerRunning
                0x20000ebc        0x4 ./Middlewares/Third_Party/FreeRTOS/Source/tasks.o
 .bss.xPendedTicks
                0x20000ec0        0x4 ./Middlewares/Third_Party/FreeRTOS/Source/tasks.o
 .bss.xYieldPending
                0x20000ec4        0x4 ./Middlewares/Third_Party/FreeRTOS/Source/tasks.o
 .bss.xNumOfOverflows
                0x20000ec8        0x4 ./Middlewares/Third_Party/FreeRTOS/Source/tasks.o
 .bss.uxTaskNumber
                0x20000ecc        0x4 ./Middlewares/Third_Party/FreeRTOS/Source/tasks.o
 .bss.xNextTaskUnblockTime
                0x20000ed0        0x4 ./Middlewares/Third_Party/FreeRTOS/Source/tasks.o
 .bss.xIdleTaskHandle
                0x20000ed4        0x4 ./Middlewares/Third_Party/FreeRTOS/Source/tasks.o
 .bss.uxSchedulerSuspended
                0x20000ed8        0x4 ./Middlewares/Third_Party/FreeRTOS/Source/tasks.o
 .bss.xActiveTimerList1
                0x20000edc       0x14 ./Middlewares/Third_Party/FreeRTOS/Source/timers.o
 .bss.xActiveTimerList2
                0x20000ef0       0x14 ./Middlewares/Third_Party/FreeRTOS/Source/timers.o
 .bss.pxCurrentTimerList
                0x20000f04        0x4 ./Middlewares/Third_Party/FreeRTOS/Source/timers.o
 .bss.pxOverflowTimerList
                0x20000f08        0x4 ./Middlewares/Third_Party/FreeRTOS/Source/timers.o
 .bss.xTimerQueue
                0x20000f0c        0x4 ./Middlewares/Third_Party/FreeRTOS/Source/timers.o
 .bss.xTimerTaskHandle
                0x20000f10        0x4 ./Middlewares/Third_Party/FreeRTOS/Source/timers.o
 .bss.xLastTime.2
                0x20000f14        0x4 ./Middlewares/Third_Party/FreeRTOS/Source/timers.o
 .bss.ucStaticTimerQueueStorage.1
                0x20000f18       0xa0 ./Middlewares/Third_Party/FreeRTOS/Source/timers.o
 .bss.xStaticTimerQueue.0
                0x20000fb8       0x50 ./Middlewares/Third_Party/FreeRTOS/Source/timers.o
 .bss.ucMaxSysCallPriority
                0x20001008        0x1 ./Middlewares/Third_Party/FreeRTOS/Source/portable/GCC/ARM_CM4F/port.o
 *fill*         0x20001009        0x3 
 .bss.ulMaxPRIGROUPValue
                0x2000100c        0x4 ./Middlewares/Third_Party/FreeRTOS/Source/portable/GCC/ARM_CM4F/port.o
 .bss.ucHeap    0x20001010     0x3c00 ./Middlewares/Third_Party/FreeRTOS/Source/portable/MemMang/heap_4.o
 .bss.xStart    0x20004c10        0x8 ./Middlewares/Third_Party/FreeRTOS/Source/portable/MemMang/heap_4.o
 .bss.pxEnd     0x20004c18        0x4 ./Middlewares/Third_Party/FreeRTOS/Source/portable/MemMang/heap_4.o
 .bss.xFreeBytesRemaining
                0x20004c1c        0x4 ./Middlewares/Third_Party/FreeRTOS/Source/portable/MemMang/heap_4.o
 .bss.xMinimumEverFreeBytesRemaining
                0x20004c20        0x4 ./Middlewares/Third_Party/FreeRTOS/Source/portable/MemMang/heap_4.o
 .bss.xNumberOfSuccessfulAllocations
                0x20004c24        0x4 ./Middlewares/Third_Party/FreeRTOS/Source/portable/MemMang/heap_4.o
 .bss.xNumberOfSuccessfulFrees
                0x20004c28        0x4 ./Middlewares/Third_Party/FreeRTOS/Source/portable/MemMang/heap_4.o
 .bss.xBlockAllocatedBit
                0x20004c2c        0x4 ./Middlewares/Third_Party/FreeRTOS/Source/portable/MemMang/heap_4.o
 .bss.__malloc_free_list
                0x20004c30        0x4 F:/ST/STM32CubeIDE_1.16.0/STM32CubeIDE/plugins/com.st.stm32cube.ide.mcu.externaltools.gnu-tools-for-stm32.12.3.rel1.win32_1.0.200.202406191623/tools/bin/../lib/gcc/arm-none-eabi/12.3.1/../../../../arm-none-eabi/lib/thumb/v7e-m+fp/hard\libc_nano.a(libc_a-mallocr.o)
                0x20004c30                __malloc_free_list
 .bss.__sf      0x20004c34      0x138 F:/ST/STM32CubeIDE_1.16.0/STM32CubeIDE/plugins/com.st.stm32cube.ide.mcu.externaltools.gnu-tools-for-stm32.12.3.rel1.win32_1.0.200.202406191623/tools/bin/../lib/gcc/arm-none-eabi/12.3.1/../../../../arm-none-eabi/lib/thumb/v7e-m+fp/hard\libc_nano.a(libc_a-findfp.o)
                0x20004c34                __sf
 .bss.__lock___malloc_recursive_mutex
                0x20004d6c        0x1 F:/ST/STM32CubeIDE_1.16.0/STM32CubeIDE/plugins/com.st.stm32cube.ide.mcu.externaltools.gnu-tools-for-stm32.12.3.rel1.win32_1.0.200.202406191623/tools/bin/../lib/gcc/arm-none-eabi/12.3.1/../../../../arm-none-eabi/lib/thumb/v7e-m+fp/hard\libc_nano.a(libc_a-lock.o)
                0x20004d6c                __lock___malloc_recursive_mutex
 *(COMMON)
                0x20004d70                        . = ALIGN (0x4)
 *fill*         0x20004d6d        0x3 
                0x20004d70                        _ebss = .
                0x20004d70                        __bss_end__ = _ebss

._user_heap_stack
                0x20004d70      0x600 load address 0x0800d8f8
                0x20004d70                        . = ALIGN (0x8)
                [!provide]                        PROVIDE (end = .)
                0x20004d70                        PROVIDE (_end = .)
                0x20004f70                        . = (. + _Min_Heap_Size)
 *fill*         0x20004d70      0x200 
                0x20005370                        . = (. + _Min_Stack_Size)
 *fill*         0x20004f70      0x400 
                0x20005370                        . = ALIGN (0x8)

/DISCARD/
 libc.a(*)
 libm.a(*)
 libgcc.a(*)

.ARM.attributes
                0x00000000       0x30
 *(.ARM.attributes)
 .ARM.attributes
                0x00000000       0x22 F:/ST/STM32CubeIDE_1.16.0/STM32CubeIDE/plugins/com.st.stm32cube.ide.mcu.externaltools.gnu-tools-for-stm32.12.3.rel1.win32_1.0.200.202406191623/tools/bin/../lib/gcc/arm-none-eabi/12.3.1/thumb/v7e-m+fp/hard/crti.o
 .ARM.attributes
                0x00000022       0x34 F:/ST/STM32CubeIDE_1.16.0/STM32CubeIDE/plugins/com.st.stm32cube.ide.mcu.externaltools.gnu-tools-for-stm32.12.3.rel1.win32_1.0.200.202406191623/tools/bin/../lib/gcc/arm-none-eabi/12.3.1/thumb/v7e-m+fp/hard/crtbegin.o
 .ARM.attributes
                0x00000056       0x34 ./Core/Src/PRNG_LFSR.o
 .ARM.attributes
                0x0000008a       0x34 ./Core/Src/figuras.o
 .ARM.attributes
                0x000000be       0x34 ./Core/Src/fonts.o
 .ARM.attributes
                0x000000f2       0x34 ./Core/Src/game_entities.o
 .ARM.attributes
                0x00000126       0x34 ./Core/Src/game_logic.o
 .ARM.attributes
                0x0000015a       0x34 ./Core/Src/game_map.o
 .ARM.attributes
                0x0000018e       0x34 ./Core/Src/main.o
 .ARM.attributes
                0x000001c2       0x34 ./Core/Src/st7735.o
 .ARM.attributes
                0x000001f6       0x34 ./Core/Src/stm32f4xx_hal_msp.o
 .ARM.attributes
                0x0000022a       0x34 ./Core/Src/stm32f4xx_hal_timebase_tim.o
 .ARM.attributes
                0x0000025e       0x34 ./Core/Src/stm32f4xx_it.o
 .ARM.attributes
                0x00000292       0x34 ./Core/Src/system_stm32f4xx.o
 .ARM.attributes
                0x000002c6       0x21 ./Core/Startup/startup_stm32f411ceux.o
 .ARM.attributes
                0x000002e7       0x34 ./Drivers/STM32F4xx_HAL_Driver/Src/stm32f4xx_hal.o
 .ARM.attributes
                0x0000031b       0x34 ./Drivers/STM32F4xx_HAL_Driver/Src/stm32f4xx_hal_adc.o
 .ARM.attributes
                0x0000034f       0x34 ./Drivers/STM32F4xx_HAL_Driver/Src/stm32f4xx_hal_cortex.o
 .ARM.attributes
                0x00000383       0x34 ./Drivers/STM32F4xx_HAL_Driver/Src/stm32f4xx_hal_dma.o
 .ARM.attributes
                0x000003b7       0x34 ./Drivers/STM32F4xx_HAL_Driver/Src/stm32f4xx_hal_gpio.o
 .ARM.attributes
                0x000003eb       0x34 ./Drivers/STM32F4xx_HAL_Driver/Src/stm32f4xx_hal_rcc.o
 .ARM.attributes
                0x0000041f       0x34 ./Drivers/STM32F4xx_HAL_Driver/Src/stm32f4xx_hal_spi.o
 .ARM.attributes
                0x00000453       0x34 ./Drivers/STM32F4xx_HAL_Driver/Src/stm32f4xx_hal_tim.o
 .ARM.attributes
                0x00000487       0x34 ./Drivers/STM32F4xx_HAL_Driver/Src/stm32f4xx_hal_tim_ex.o
 .ARM.attributes
                0x000004bb       0x34 ./Middlewares/Third_Party/FreeRTOS/Source/CMSIS_RTOS_V2/cmsis_os2.o
 .ARM.attributes
                0x000004ef       0x34 ./Middlewares/Third_Party/FreeRTOS/Source/list.o
 .ARM.attributes
                0x00000523       0x34 ./Middlewares/Third_Party/FreeRTOS/Source/queue.o
 .ARM.attributes
                0x00000557       0x34 ./Middlewares/Third_Party/FreeRTOS/Source/tasks.o
 .ARM.attributes
                0x0000058b       0x34 ./Middlewares/Third_Party/FreeRTOS/Source/timers.o
 .ARM.attributes
                0x000005bf       0x34 ./Middlewares/Third_Party/FreeRTOS/Source/portable/GCC/ARM_CM4F/port.o
 .ARM.attributes
                0x000005f3       0x34 ./Middlewares/Third_Party/FreeRTOS/Source/portable/MemMang/heap_4.o
 .ARM.attributes
                0x00000627       0x34 F:/ST/STM32CubeIDE_1.16.0/STM32CubeIDE/plugins/com.st.stm32cube.ide.mcu.externaltools.gnu-tools-for-stm32.12.3.rel1.win32_1.0.200.202406191623/tools/bin/../lib/gcc/arm-none-eabi/12.3.1/../../../../arm-none-eabi/lib/thumb/v7e-m+fp/hard\libc_nano.a(libc_a-mallocr.o)
 .ARM.attributes
                0x0000065b       0x34 F:/ST/STM32CubeIDE_1.16.0/STM32CubeIDE/plugins/com.st.stm32cube.ide.mcu.externaltools.gnu-tools-for-stm32.12.3.rel1.win32_1.0.200.202406191623/tools/bin/../lib/gcc/arm-none-eabi/12.3.1/../../../../arm-none-eabi/lib/thumb/v7e-m+fp/hard\libc_nano.a(libc_a-mlock.o)
 .ARM.attributes
                0x0000068f       0x34 F:/ST/STM32CubeIDE_1.16.0/STM32CubeIDE/plugins/com.st.stm32cube.ide.mcu.externaltools.gnu-tools-for-stm32.12.3.rel1.win32_1.0.200.202406191623/tools/bin/../lib/gcc/arm-none-eabi/12.3.1/../../../../arm-none-eabi/lib/thumb/v7e-m+fp/hard\libc_nano.a(libc_a-findfp.o)
 .ARM.attributes
                0x000006c3       0x34 F:/ST/STM32CubeIDE_1.16.0/STM32CubeIDE/plugins/com.st.stm32cube.ide.mcu.externaltools.gnu-tools-for-stm32.12.3.rel1.win32_1.0.200.202406191623/tools/bin/../lib/gcc/arm-none-eabi/12.3.1/../../../../arm-none-eabi/lib/thumb/v7e-m+fp/hard\libc_nano.a(libc_a-memset.o)
 .ARM.attributes
                0x000006f7       0x34 F:/ST/STM32CubeIDE_1.16.0/STM32CubeIDE/plugins/com.st.stm32cube.ide.mcu.externaltools.gnu-tools-for-stm32.12.3.rel1.win32_1.0.200.202406191623/tools/bin/../lib/gcc/arm-none-eabi/12.3.1/../../../../arm-none-eabi/lib/thumb/v7e-m+fp/hard\libc_nano.a(libc_a-reent.o)
 .ARM.attributes
                0x0000072b       0x34 F:/ST/STM32CubeIDE_1.16.0/STM32CubeIDE/plugins/com.st.stm32cube.ide.mcu.externaltools.gnu-tools-for-stm32.12.3.rel1.win32_1.0.200.202406191623/tools/bin/../lib/gcc/arm-none-eabi/12.3.1/../../../../arm-none-eabi/lib/thumb/v7e-m+fp/hard\libc_nano.a(libc_a-impure.o)
 .ARM.attributes
                0x0000075f       0x34 F:/ST/STM32CubeIDE_1.16.0/STM32CubeIDE/plugins/com.st.stm32cube.ide.mcu.externaltools.gnu-tools-for-stm32.12.3.rel1.win32_1.0.200.202406191623/tools/bin/../lib/gcc/arm-none-eabi/12.3.1/../../../../arm-none-eabi/lib/thumb/v7e-m+fp/hard\libc_nano.a(libc_a-init.o)
 .ARM.attributes
                0x00000793       0x34 F:/ST/STM32CubeIDE_1.16.0/STM32CubeIDE/plugins/com.st.stm32cube.ide.mcu.externaltools.gnu-tools-for-stm32.12.3.rel1.win32_1.0.200.202406191623/tools/bin/../lib/gcc/arm-none-eabi/12.3.1/../../../../arm-none-eabi/lib/thumb/v7e-m+fp/hard\libc_nano.a(libc_a-lock.o)
 .ARM.attributes
                0x000007c7       0x34 F:/ST/STM32CubeIDE_1.16.0/STM32CubeIDE/plugins/com.st.stm32cube.ide.mcu.externaltools.gnu-tools-for-stm32.12.3.rel1.win32_1.0.200.202406191623/tools/bin/../lib/gcc/arm-none-eabi/12.3.1/../../../../arm-none-eabi/lib/thumb/v7e-m+fp/hard\libc_nano.a(libc_a-memcpy-stub.o)
 .ARM.attributes
                0x000007fb       0x34 F:/ST/STM32CubeIDE_1.16.0/STM32CubeIDE/plugins/com.st.stm32cube.ide.mcu.externaltools.gnu-tools-for-stm32.12.3.rel1.win32_1.0.200.202406191623/tools/bin/../lib/gcc/arm-none-eabi/12.3.1/../../../../arm-none-eabi/lib/thumb/v7e-m+fp/hard\libc_nano.a(libc_a-freer.o)
 .ARM.attributes
                0x0000082f       0x22 F:/ST/STM32CubeIDE_1.16.0/STM32CubeIDE/plugins/com.st.stm32cube.ide.mcu.externaltools.gnu-tools-for-stm32.12.3.rel1.win32_1.0.200.202406191623/tools/bin/../lib/gcc/arm-none-eabi/12.3.1/thumb/v7e-m+fp/hard\libgcc.a(_aeabi_uldivmod.o)
 .ARM.attributes
                0x00000851       0x34 F:/ST/STM32CubeIDE_1.16.0/STM32CubeIDE/plugins/com.st.stm32cube.ide.mcu.externaltools.gnu-tools-for-stm32.12.3.rel1.win32_1.0.200.202406191623/tools/bin/../lib/gcc/arm-none-eabi/12.3.1/thumb/v7e-m+fp/hard\libgcc.a(_udivmoddi4.o)
 .ARM.attributes
                0x00000885       0x22 F:/ST/STM32CubeIDE_1.16.0/STM32CubeIDE/plugins/com.st.stm32cube.ide.mcu.externaltools.gnu-tools-for-stm32.12.3.rel1.win32_1.0.200.202406191623/tools/bin/../lib/gcc/arm-none-eabi/12.3.1/thumb/v7e-m+fp/hard\libgcc.a(_dvmd_tls.o)
 .ARM.attributes
                0x000008a7       0x22 F:/ST/STM32CubeIDE_1.16.0/STM32CubeIDE/plugins/com.st.stm32cube.ide.mcu.externaltools.gnu-tools-for-stm32.12.3.rel1.win32_1.0.200.202406191623/tools/bin/../lib/gcc/arm-none-eabi/12.3.1/thumb/v7e-m+fp/hard/crtn.o
OUTPUT(Game_Start2_STM32F411CE.elf elf32-littlearm)
LOAD linker stubs
LOAD F:/ST/STM32CubeIDE_1.16.0/STM32CubeIDE/plugins/com.st.stm32cube.ide.mcu.externaltools.gnu-tools-for-stm32.12.3.rel1.win32_1.0.200.202406191623/tools/bin/../lib/gcc/arm-none-eabi/12.3.1/../../../../arm-none-eabi/lib/thumb/v7e-m+fp/hard\libc.a
LOAD F:/ST/STM32CubeIDE_1.16.0/STM32CubeIDE/plugins/com.st.stm32cube.ide.mcu.externaltools.gnu-tools-for-stm32.12.3.rel1.win32_1.0.200.202406191623/tools/bin/../lib/gcc/arm-none-eabi/12.3.1/../../../../arm-none-eabi/lib/thumb/v7e-m+fp/hard\libm.a
LOAD F:/ST/STM32CubeIDE_1.16.0/STM32CubeIDE/plugins/com.st.stm32cube.ide.mcu.externaltools.gnu-tools-for-stm32.12.3.rel1.win32_1.0.200.202406191623/tools/bin/../lib/gcc/arm-none-eabi/12.3.1/thumb/v7e-m+fp/hard\libgcc.a

.debug_info     0x00000000    0x19a6e
 .debug_info    0x00000000       0xf5 ./Core/Src/PRNG_LFSR.o
 .debug_info    0x000000f5      0x159 ./Core/Src/figuras.o
 .debug_info    0x0000024e      0x19a ./Core/Src/fonts.o
 .debug_info    0x000003e8      0x243 ./Core/Src/game_entities.o
 .debug_info    0x0000062b      0x3ad ./Core/Src/game_logic.o
 .debug_info    0x000009d8      0x19e ./Core/Src/game_map.o
 .debug_info    0x00000b76     0x1db1 ./Core/Src/main.o
 .debug_info    0x00002927      0xf28 ./Core/Src/st7735.o
 .debug_info    0x0000384f      0xe5f ./Core/Src/stm32f4xx_hal_msp.o
 .debug_info    0x000046ae      0xb83 ./Core/Src/stm32f4xx_hal_timebase_tim.o
 .debug_info    0x00005231      0x6cd ./Core/Src/stm32f4xx_it.o
 .debug_info    0x000058fe      0x53e ./Core/Src/system_stm32f4xx.o
 .debug_info    0x00005e3c       0x30 ./Core/Startup/startup_stm32f411ceux.o
 .debug_info    0x00005e6c      0x8c4 ./Drivers/STM32F4xx_HAL_Driver/Src/stm32f4xx_hal.o
 .debug_info    0x00006730      0xcd1 ./Drivers/STM32F4xx_HAL_Driver/Src/stm32f4xx_hal_adc.o
 .debug_info    0x00007401      0xcc7 ./Drivers/STM32F4xx_HAL_Driver/Src/stm32f4xx_hal_cortex.o
 .debug_info    0x000080c8      0x8e6 ./Drivers/STM32F4xx_HAL_Driver/Src/stm32f4xx_hal_dma.o
 .debug_info    0x000089ae      0x6f9 ./Drivers/STM32F4xx_HAL_Driver/Src/stm32f4xx_hal_gpio.o
 .debug_info    0x000090a7      0x8f2 ./Drivers/STM32F4xx_HAL_Driver/Src/stm32f4xx_hal_rcc.o
 .debug_info    0x00009999     0x1606 ./Drivers/STM32F4xx_HAL_Driver/Src/stm32f4xx_hal_spi.o
 .debug_info    0x0000af9f     0x2996 ./Drivers/STM32F4xx_HAL_Driver/Src/stm32f4xx_hal_tim.o
 .debug_info    0x0000d935     0x14d4 ./Drivers/STM32F4xx_HAL_Driver/Src/stm32f4xx_hal_tim_ex.o
 .debug_info    0x0000ee09     0x4079 ./Middlewares/Third_Party/FreeRTOS/Source/CMSIS_RTOS_V2/cmsis_os2.o
 .debug_info    0x00012e82      0x2af ./Middlewares/Third_Party/FreeRTOS/Source/list.o
 .debug_info    0x00013131     0x1b79 ./Middlewares/Third_Party/FreeRTOS/Source/queue.o
 .debug_info    0x00014caa     0x28c1 ./Middlewares/Third_Party/FreeRTOS/Source/tasks.o
 .debug_info    0x0001756b     0x1b50 ./Middlewares/Third_Party/FreeRTOS/Source/timers.o
 .debug_info    0x000190bb      0x4de ./Middlewares/Third_Party/FreeRTOS/Source/portable/GCC/ARM_CM4F/port.o
 .debug_info    0x00019599      0x4d5 ./Middlewares/Third_Party/FreeRTOS/Source/portable/MemMang/heap_4.o

.debug_abbrev   0x00000000     0x3e5f
 .debug_abbrev  0x00000000       0xa4 ./Core/Src/PRNG_LFSR.o
 .debug_abbrev  0x000000a4       0xb3 ./Core/Src/figuras.o
 .debug_abbrev  0x00000157       0xb3 ./Core/Src/fonts.o
 .debug_abbrev  0x0000020a      0x10a ./Core/Src/game_entities.o
 .debug_abbrev  0x00000314      0x172 ./Core/Src/game_logic.o
 .debug_abbrev  0x00000486      0x107 ./Core/Src/game_map.o
 .debug_abbrev  0x0000058d      0x387 ./Core/Src/main.o
 .debug_abbrev  0x00000914      0x2d4 ./Core/Src/st7735.o
 .debug_abbrev  0x00000be8      0x201 ./Core/Src/stm32f4xx_hal_msp.o
 .debug_abbrev  0x00000de9      0x207 ./Core/Src/stm32f4xx_hal_timebase_tim.o
 .debug_abbrev  0x00000ff0      0x194 ./Core/Src/stm32f4xx_it.o
 .debug_abbrev  0x00001184      0x11a ./Core/Src/system_stm32f4xx.o
 .debug_abbrev  0x0000129e       0x24 ./Core/Startup/startup_stm32f411ceux.o
 .debug_abbrev  0x000012c2      0x24b ./Drivers/STM32F4xx_HAL_Driver/Src/stm32f4xx_hal.o
 .debug_abbrev  0x0000150d      0x20e ./Drivers/STM32F4xx_HAL_Driver/Src/stm32f4xx_hal_adc.o
 .debug_abbrev  0x0000171b      0x328 ./Drivers/STM32F4xx_HAL_Driver/Src/stm32f4xx_hal_cortex.o
 .debug_abbrev  0x00001a43      0x221 ./Drivers/STM32F4xx_HAL_Driver/Src/stm32f4xx_hal_dma.o
 .debug_abbrev  0x00001c64      0x1d3 ./Drivers/STM32F4xx_HAL_Driver/Src/stm32f4xx_hal_gpio.o
 .debug_abbrev  0x00001e37      0x2b5 ./Drivers/STM32F4xx_HAL_Driver/Src/stm32f4xx_hal_rcc.o
 .debug_abbrev  0x000020ec      0x280 ./Drivers/STM32F4xx_HAL_Driver/Src/stm32f4xx_hal_spi.o
 .debug_abbrev  0x0000236c      0x28b ./Drivers/STM32F4xx_HAL_Driver/Src/stm32f4xx_hal_tim.o
 .debug_abbrev  0x000025f7      0x296 ./Drivers/STM32F4xx_HAL_Driver/Src/stm32f4xx_hal_tim_ex.o
 .debug_abbrev  0x0000288d      0x548 ./Middlewares/Third_Party/FreeRTOS/Source/CMSIS_RTOS_V2/cmsis_os2.o
 .debug_abbrev  0x00002dd5       0xf5 ./Middlewares/Third_Party/FreeRTOS/Source/list.o
 .debug_abbrev  0x00002eca      0x3b6 ./Middlewares/Third_Party/FreeRTOS/Source/queue.o
 .debug_abbrev  0x00003280      0x3fe ./Middlewares/Third_Party/FreeRTOS/Source/tasks.o
 .debug_abbrev  0x0000367e      0x368 ./Middlewares/Third_Party/FreeRTOS/Source/timers.o
 .debug_abbrev  0x000039e6      0x25c ./Middlewares/Third_Party/FreeRTOS/Source/portable/GCC/ARM_CM4F/port.o
 .debug_abbrev  0x00003c42      0x21d ./Middlewares/Third_Party/FreeRTOS/Source/portable/MemMang/heap_4.o

.debug_aranges  0x00000000     0x16f8
 .debug_aranges
                0x00000000       0x28 ./Core/Src/PRNG_LFSR.o
 .debug_aranges
                0x00000028       0x18 ./Core/Src/figuras.o
 .debug_aranges
                0x00000040       0x18 ./Core/Src/fonts.o
 .debug_aranges
                0x00000058       0x38 ./Core/Src/game_entities.o
 .debug_aranges
                0x00000090       0x58 ./Core/Src/game_logic.o
 .debug_aranges
                0x000000e8       0x28 ./Core/Src/game_map.o
 .debug_aranges
                0x00000110       0x80 ./Core/Src/main.o
 .debug_aranges
                0x00000190       0xc8 ./Core/Src/st7735.o
 .debug_aranges
                0x00000258       0x40 ./Core/Src/stm32f4xx_hal_msp.o
 .debug_aranges
                0x00000298       0x30 ./Core/Src/stm32f4xx_hal_timebase_tim.o
 .debug_aranges
                0x000002c8       0x58 ./Core/Src/stm32f4xx_it.o
 .debug_aranges
                0x00000320       0x28 ./Core/Src/system_stm32f4xx.o
 .debug_aranges
                0x00000348       0x28 ./Core/Startup/startup_stm32f411ceux.o
 .debug_aranges
                0x00000370       0xf0 ./Drivers/STM32F4xx_HAL_Driver/Src/stm32f4xx_hal.o
 .debug_aranges
                0x00000460       0xe8 ./Drivers/STM32F4xx_HAL_Driver/Src/stm32f4xx_hal_adc.o
 .debug_aranges
                0x00000548      0x120 ./Drivers/STM32F4xx_HAL_Driver/Src/stm32f4xx_hal_cortex.o
 .debug_aranges
                0x00000668       0x90 ./Drivers/STM32F4xx_HAL_Driver/Src/stm32f4xx_hal_dma.o
 .debug_aranges
                0x000006f8       0x58 ./Drivers/STM32F4xx_HAL_Driver/Src/stm32f4xx_hal_gpio.o
 .debug_aranges
                0x00000750       0x88 ./Drivers/STM32F4xx_HAL_Driver/Src/stm32f4xx_hal_rcc.o
 .debug_aranges
                0x000007d8      0x1d0 ./Drivers/STM32F4xx_HAL_Driver/Src/stm32f4xx_hal_spi.o
 .debug_aranges
                0x000009a8      0x3d0 ./Drivers/STM32F4xx_HAL_Driver/Src/stm32f4xx_hal_tim.o
 .debug_aranges
                0x00000d78      0x168 ./Drivers/STM32F4xx_HAL_Driver/Src/stm32f4xx_hal_tim_ex.o
 .debug_aranges
                0x00000ee0      0x2b0 ./Middlewares/Third_Party/FreeRTOS/Source/CMSIS_RTOS_V2/cmsis_os2.o
 .debug_aranges
                0x00001190       0x40 ./Middlewares/Third_Party/FreeRTOS/Source/list.o
 .debug_aranges
                0x000011d0      0x158 ./Middlewares/Third_Party/FreeRTOS/Source/queue.o
 .debug_aranges
                0x00001328      0x208 ./Middlewares/Third_Party/FreeRTOS/Source/tasks.o
 .debug_aranges
                0x00001530       0xf0 ./Middlewares/Third_Party/FreeRTOS/Source/timers.o
 .debug_aranges
                0x00001620       0x80 ./Middlewares/Third_Party/FreeRTOS/Source/portable/GCC/ARM_CM4F/port.o
 .debug_aranges
                0x000016a0       0x58 ./Middlewares/Third_Party/FreeRTOS/Source/portable/MemMang/heap_4.o

.debug_rnglists
                0x00000000     0x1186
 .debug_rnglists
                0x00000000       0x19 ./Core/Src/PRNG_LFSR.o
 .debug_rnglists
                0x00000019       0x25 ./Core/Src/game_entities.o
 .debug_rnglists
                0x0000003e       0x40 ./Core/Src/game_logic.o
 .debug_rnglists
                0x0000007e       0x1a ./Core/Src/game_map.o
 .debug_rnglists
                0x00000098       0x62 ./Core/Src/main.o
 .debug_rnglists
                0x000000fa       0x97 ./Core/Src/st7735.o
 .debug_rnglists
                0x00000191       0x2d ./Core/Src/stm32f4xx_hal_msp.o
 .debug_rnglists
                0x000001be       0x20 ./Core/Src/stm32f4xx_hal_timebase_tim.o
 .debug_rnglists
                0x000001de       0x3d ./Core/Src/stm32f4xx_it.o
 .debug_rnglists
                0x0000021b       0x1a ./Core/Src/system_stm32f4xx.o
 .debug_rnglists
                0x00000235       0x19 ./Core/Startup/startup_stm32f411ceux.o
 .debug_rnglists
                0x0000024e       0xaf ./Drivers/STM32F4xx_HAL_Driver/Src/stm32f4xx_hal.o
 .debug_rnglists
                0x000002fd       0xb5 ./Drivers/STM32F4xx_HAL_Driver/Src/stm32f4xx_hal_adc.o
 .debug_rnglists
                0x000003b2       0xd4 ./Drivers/STM32F4xx_HAL_Driver/Src/stm32f4xx_hal_cortex.o
 .debug_rnglists
                0x00000486       0x70 ./Drivers/STM32F4xx_HAL_Driver/Src/stm32f4xx_hal_dma.o
 .debug_rnglists
                0x000004f6       0x3f ./Drivers/STM32F4xx_HAL_Driver/Src/stm32f4xx_hal_gpio.o
 .debug_rnglists
                0x00000535       0x66 ./Drivers/STM32F4xx_HAL_Driver/Src/stm32f4xx_hal_rcc.o
 .debug_rnglists
                0x0000059b      0x16f ./Drivers/STM32F4xx_HAL_Driver/Src/stm32f4xx_hal_spi.o
 .debug_rnglists
                0x0000070a      0x31a ./Drivers/STM32F4xx_HAL_Driver/Src/stm32f4xx_hal_tim.o
 .debug_rnglists
                0x00000a24      0x125 ./Drivers/STM32F4xx_HAL_Driver/Src/stm32f4xx_hal_tim_ex.o
 .debug_rnglists
                0x00000b49      0x212 ./Middlewares/Third_Party/FreeRTOS/Source/CMSIS_RTOS_V2/cmsis_os2.o
 .debug_rnglists
                0x00000d5b       0x2b ./Middlewares/Third_Party/FreeRTOS/Source/list.o
 .debug_rnglists
                0x00000d86      0x109 ./Middlewares/Third_Party/FreeRTOS/Source/queue.o
 .debug_rnglists
                0x00000e8f      0x1a0 ./Middlewares/Third_Party/FreeRTOS/Source/tasks.o
 .debug_rnglists
                0x0000102f       0xb8 ./Middlewares/Third_Party/FreeRTOS/Source/timers.o
 .debug_rnglists
                0x000010e7       0x5d ./Middlewares/Third_Party/FreeRTOS/Source/portable/GCC/ARM_CM4F/port.o
 .debug_rnglists
                0x00001144       0x42 ./Middlewares/Third_Party/FreeRTOS/Source/portable/MemMang/heap_4.o

.debug_macro    0x00000000     0x62c6
 .debug_macro   0x00000000      0x144 ./Core/Src/PRNG_LFSR.o
 .debug_macro   0x00000144      0xab4 ./Core/Src/PRNG_LFSR.o
 .debug_macro   0x00000bf8       0x22 ./Core/Src/PRNG_LFSR.o
 .debug_macro   0x00000c1a       0x5b ./Core/Src/PRNG_LFSR.o
 .debug_macro   0x00000c75       0x2a ./Core/Src/PRNG_LFSR.o
 .debug_macro   0x00000c9f       0x94 ./Core/Src/PRNG_LFSR.o
 .debug_macro   0x00000d33       0x43 ./Core/Src/PRNG_LFSR.o
 .debug_macro   0x00000d76       0x34 ./Core/Src/PRNG_LFSR.o
 .debug_macro   0x00000daa       0x16 ./Core/Src/PRNG_LFSR.o
 .debug_macro   0x00000dc0       0x57 ./Core/Src/PRNG_LFSR.o
 .debug_macro   0x00000e17       0x9e ./Core/Src/PRNG_LFSR.o
 .debug_macro   0x00000eb5      0x369 ./Core/Src/PRNG_LFSR.o
 .debug_macro   0x0000121e      0x10b ./Core/Src/PRNG_LFSR.o
 .debug_macro   0x00001329       0x10 ./Core/Src/PRNG_LFSR.o
 .debug_macro   0x00001339       0x16 ./Core/Src/PRNG_LFSR.o
 .debug_macro   0x0000134f       0x43 ./Core/Src/PRNG_LFSR.o
 .debug_macro   0x00001392       0x34 ./Core/Src/PRNG_LFSR.o
 .debug_macro   0x000013c6       0x10 ./Core/Src/PRNG_LFSR.o
 .debug_macro   0x000013d6       0x58 ./Core/Src/PRNG_LFSR.o
 .debug_macro   0x0000142e       0x8e ./Core/Src/PRNG_LFSR.o
 .debug_macro   0x000014bc       0x1c ./Core/Src/PRNG_LFSR.o
 .debug_macro   0x000014d8      0x177 ./Core/Src/PRNG_LFSR.o
 .debug_macro   0x0000164f       0x16 ./Core/Src/PRNG_LFSR.o
 .debug_macro   0x00001665       0x16 ./Core/Src/PRNG_LFSR.o
 .debug_macro   0x0000167b      0x146 ./Core/Src/PRNG_LFSR.o
 .debug_macro   0x000017c1      0x103 ./Core/Src/PRNG_LFSR.o
 .debug_macro   0x000018c4       0x6a ./Core/Src/PRNG_LFSR.o
 .debug_macro   0x0000192e      0x1df ./Core/Src/PRNG_LFSR.o
 .debug_macro   0x00001b0d       0x6d ./Core/Src/figuras.o
 .debug_macro   0x00001b7a       0x6d ./Core/Src/fonts.o
 .debug_macro   0x00001be7      0x320 ./Core/Src/game_entities.o
 .debug_macro   0x00001f07       0x22 ./Core/Src/game_entities.o
 .debug_macro   0x00001f29      0x1c5 ./Core/Src/game_entities.o
 .debug_macro   0x000020ee       0x34 ./Core/Src/game_entities.o
 .debug_macro   0x00002122      0x332 ./Core/Src/game_logic.o
 .debug_macro   0x00002454      0x318 ./Core/Src/game_map.o
 .debug_macro   0x0000276c       0x3a ./Core/Src/game_map.o
 .debug_macro   0x000027a6      0x45b ./Core/Src/main.o
 .debug_macro   0x00002c01      0x16f ./Core/Src/main.o
 .debug_macro   0x00002d70       0x66 ./Core/Src/main.o
 .debug_macro   0x00002dd6       0x74 ./Core/Src/main.o
 .debug_macro   0x00002e4a       0xdd ./Core/Src/main.o
 .debug_macro   0x00002f27       0x10 ./Core/Src/main.o
 .debug_macro   0x00002f37       0x20 ./Core/Src/main.o
 .debug_macro   0x00002f57       0x16 ./Core/Src/main.o
 .debug_macro   0x00002f6d       0x16 ./Core/Src/main.o
 .debug_macro   0x00002f83       0x29 ./Core/Src/main.o
 .debug_macro   0x00002fac       0x1c ./Core/Src/main.o
 .debug_macro   0x00002fc8       0x1c ./Core/Src/main.o
 .debug_macro   0x00002fe4       0x2e ./Core/Src/main.o
 .debug_macro   0x00003012      0x360 ./Core/Src/st7735.o
 .debug_macro   0x00003372       0x10 ./Core/Src/st7735.o
 .debug_macro   0x00003382       0x3c ./Core/Src/st7735.o
 .debug_macro   0x000033be       0x16 ./Core/Src/st7735.o
 .debug_macro   0x000033d4      0x205 ./Core/Src/stm32f4xx_hal_msp.o
 .debug_macro   0x000035d9      0x1f6 ./Core/Src/stm32f4xx_hal_timebase_tim.o
 .debug_macro   0x000037cf      0x20f ./Core/Src/stm32f4xx_it.o
 .debug_macro   0x000039de      0x1f6 ./Core/Src/system_stm32f4xx.o
 .debug_macro   0x00003bd4      0x256 ./Drivers/STM32F4xx_HAL_Driver/Src/stm32f4xx_hal.o
 .debug_macro   0x00003e2a      0x1f7 ./Drivers/STM32F4xx_HAL_Driver/Src/stm32f4xx_hal_adc.o
 .debug_macro   0x00004021      0x1f6 ./Drivers/STM32F4xx_HAL_Driver/Src/stm32f4xx_hal_cortex.o
 .debug_macro   0x00004217      0x1fc ./Drivers/STM32F4xx_HAL_Driver/Src/stm32f4xx_hal_dma.o
 .debug_macro   0x00004413      0x1fc ./Drivers/STM32F4xx_HAL_Driver/Src/stm32f4xx_hal_gpio.o
 .debug_macro   0x0000460f      0x21a ./Drivers/STM32F4xx_HAL_Driver/Src/stm32f4xx_hal_rcc.o
 .debug_macro   0x00004829      0x205 ./Drivers/STM32F4xx_HAL_Driver/Src/stm32f4xx_hal_spi.o
 .debug_macro   0x00004a2e      0x1f7 ./Drivers/STM32F4xx_HAL_Driver/Src/stm32f4xx_hal_tim.o
 .debug_macro   0x00004c25      0x1f6 ./Drivers/STM32F4xx_HAL_Driver/Src/stm32f4xx_hal_tim_ex.o
 .debug_macro   0x00004e1b      0x3ff ./Middlewares/Third_Party/FreeRTOS/Source/CMSIS_RTOS_V2/cmsis_os2.o
 .debug_macro   0x0000521a       0x10 ./Middlewares/Third_Party/FreeRTOS/Source/CMSIS_RTOS_V2/cmsis_os2.o
 .debug_macro   0x0000522a       0xf5 ./Middlewares/Third_Party/FreeRTOS/Source/CMSIS_RTOS_V2/cmsis_os2.o
 .debug_macro   0x0000531f       0x16 ./Middlewares/Third_Party/FreeRTOS/Source/CMSIS_RTOS_V2/cmsis_os2.o
 .debug_macro   0x00005335       0x91 ./Middlewares/Third_Party/FreeRTOS/Source/CMSIS_RTOS_V2/cmsis_os2.o
 .debug_macro   0x000053c6       0x8d ./Middlewares/Third_Party/FreeRTOS/Source/CMSIS_RTOS_V2/cmsis_os2.o
 .debug_macro   0x00005453       0x9a ./Middlewares/Third_Party/FreeRTOS/Source/CMSIS_RTOS_V2/cmsis_os2.o
 .debug_macro   0x000054ed       0x22 ./Middlewares/Third_Party/FreeRTOS/Source/CMSIS_RTOS_V2/cmsis_os2.o
 .debug_macro   0x0000550f       0x56 ./Middlewares/Third_Party/FreeRTOS/Source/CMSIS_RTOS_V2/cmsis_os2.o
 .debug_macro   0x00005565      0x199 ./Middlewares/Third_Party/FreeRTOS/Source/list.o
 .debug_macro   0x000056fe      0x228 ./Middlewares/Third_Party/FreeRTOS/Source/queue.o
 .debug_macro   0x00005926       0x87 ./Middlewares/Third_Party/FreeRTOS/Source/queue.o
 .debug_macro   0x000059ad      0x291 ./Middlewares/Third_Party/FreeRTOS/Source/tasks.o
 .debug_macro   0x00005c3e       0x10 ./Middlewares/Third_Party/FreeRTOS/Source/tasks.o
 .debug_macro   0x00005c4e      0x1ee ./Middlewares/Third_Party/FreeRTOS/Source/timers.o
 .debug_macro   0x00005e3c       0x97 ./Middlewares/Third_Party/FreeRTOS/Source/timers.o
 .debug_macro   0x00005ed3      0x233 ./Middlewares/Third_Party/FreeRTOS/Source/portable/GCC/ARM_CM4F/port.o
 .debug_macro   0x00006106      0x1c0 ./Middlewares/Third_Party/FreeRTOS/Source/portable/MemMang/heap_4.o

.debug_line     0x00000000    0x1aeca
 .debug_line    0x00000000      0x5c5 ./Core/Src/PRNG_LFSR.o
 .debug_line    0x000005c5      0x416 ./Core/Src/figuras.o
 .debug_line    0x000009db      0x412 ./Core/Src/fonts.o
 .debug_line    0x00000ded      0x9cc ./Core/Src/game_entities.o
 .debug_line    0x000017b9      0xb0a ./Core/Src/game_logic.o
 .debug_line    0x000022c3      0x9aa ./Core/Src/game_map.o
 .debug_line    0x00002c6d      0xe8b ./Core/Src/main.o
 .debug_line    0x00003af8      0xe7a ./Core/Src/st7735.o
 .debug_line    0x00004972      0x851 ./Core/Src/stm32f4xx_hal_msp.o
 .debug_line    0x000051c3      0x810 ./Core/Src/stm32f4xx_hal_timebase_tim.o
 .debug_line    0x000059d3      0x849 ./Core/Src/stm32f4xx_it.o
 .debug_line    0x0000621c      0x819 ./Core/Src/system_stm32f4xx.o
 .debug_line    0x00006a35       0x7a ./Core/Startup/startup_stm32f411ceux.o
 .debug_line    0x00006aaf      0xa82 ./Drivers/STM32F4xx_HAL_Driver/Src/stm32f4xx_hal.o
 .debug_line    0x00007531     0x124a ./Drivers/STM32F4xx_HAL_Driver/Src/stm32f4xx_hal_adc.o
 .debug_line    0x0000877b      0xd4a ./Drivers/STM32F4xx_HAL_Driver/Src/stm32f4xx_hal_cortex.o
 .debug_line    0x000094c5      0xff2 ./Drivers/STM32F4xx_HAL_Driver/Src/stm32f4xx_hal_dma.o
 .debug_line    0x0000a4b7      0xbd2 ./Drivers/STM32F4xx_HAL_Driver/Src/stm32f4xx_hal_gpio.o
 .debug_line    0x0000b089      0xdf3 ./Drivers/STM32F4xx_HAL_Driver/Src/stm32f4xx_hal_rcc.o
 .debug_line    0x0000be7c     0x1d7d ./Drivers/STM32F4xx_HAL_Driver/Src/stm32f4xx_hal_spi.o
 .debug_line    0x0000dbf9     0x3600 ./Drivers/STM32F4xx_HAL_Driver/Src/stm32f4xx_hal_tim.o
 .debug_line    0x000111f9     0x1a13 ./Drivers/STM32F4xx_HAL_Driver/Src/stm32f4xx_hal_tim_ex.o
 .debug_line    0x00012c0c     0x23ed ./Middlewares/Third_Party/FreeRTOS/Source/CMSIS_RTOS_V2/cmsis_os2.o
 .debug_line    0x00014ff9      0x7a1 ./Middlewares/Third_Party/FreeRTOS/Source/list.o
 .debug_line    0x0001579a     0x176b ./Middlewares/Third_Party/FreeRTOS/Source/queue.o
 .debug_line    0x00016f05     0x1e66 ./Middlewares/Third_Party/FreeRTOS/Source/tasks.o
 .debug_line    0x00018d6b      0xe29 ./Middlewares/Third_Party/FreeRTOS/Source/timers.o
 .debug_line    0x00019b94      0x96a ./Middlewares/Third_Party/FreeRTOS/Source/portable/GCC/ARM_CM4F/port.o
 .debug_line    0x0001a4fe      0x9cc ./Middlewares/Third_Party/FreeRTOS/Source/portable/MemMang/heap_4.o

.debug_str      0x00000000    0xa4b97
 .debug_str     0x00000000     0x75ea ./Core/Src/PRNG_LFSR.o
                               0x77e6 (size before relaxing)
 .debug_str     0x000075ea       0x77 ./Core/Src/figuras.o
                               0x3db4 (size before relaxing)
 .debug_str     0x00007661       0x66 ./Core/Src/fonts.o
                               0x3db8 (size before relaxing)
 .debug_str     0x000076c7    0x8e44b ./Core/Src/game_entities.o
                              0x95cfc (size before relaxing)
 .debug_str     0x00095b12      0x107 ./Core/Src/game_logic.o
                              0x95da3 (size before relaxing)
 .debug_str     0x00095c19       0x3b ./Core/Src/game_map.o
                              0x95c7b (size before relaxing)
 .debug_str     0x00095c54     0x61d5 ./Core/Src/main.o
                              0x9c123 (size before relaxing)
 .debug_str     0x0009be29      0x2d6 ./Core/Src/st7735.o
                              0x964a4 (size before relaxing)
 .debug_str     0x0009c0ff       0xa1 ./Core/Src/stm32f4xx_hal_msp.o
                              0x92aa5 (size before relaxing)
 .debug_str     0x0009c1a0      0x107 ./Core/Src/stm32f4xx_hal_timebase_tim.o
                              0x9298f (size before relaxing)
 .debug_str     0x0009c2a7       0xe0 ./Core/Src/stm32f4xx_it.o
                              0x924ac (size before relaxing)
 .debug_str     0x0009c387       0xdb ./Core/Src/system_stm32f4xx.o
                              0x91ff0 (size before relaxing)
 .debug_str     0x0009c462       0x44 ./Core/Startup/startup_stm32f411ceux.o
                                 0x9f (size before relaxing)
 .debug_str     0x0009c4a6      0x5bf ./Drivers/STM32F4xx_HAL_Driver/Src/stm32f4xx_hal.o
                              0x92a1c (size before relaxing)
 .debug_str     0x0009ca65      0x2a0 ./Drivers/STM32F4xx_HAL_Driver/Src/stm32f4xx_hal_adc.o
                              0x925cb (size before relaxing)
 .debug_str     0x0009cd05      0x334 ./Drivers/STM32F4xx_HAL_Driver/Src/stm32f4xx_hal_cortex.o
                              0x92754 (size before relaxing)
 .debug_str     0x0009d039      0x2c7 ./Drivers/STM32F4xx_HAL_Driver/Src/stm32f4xx_hal_dma.o
                              0x923f8 (size before relaxing)
 .debug_str     0x0009d300       0xfd ./Drivers/STM32F4xx_HAL_Driver/Src/stm32f4xx_hal_gpio.o
                              0x9216b (size before relaxing)
 .debug_str     0x0009d3fd      0x1fd ./Drivers/STM32F4xx_HAL_Driver/Src/stm32f4xx_hal_rcc.o
                              0x92424 (size before relaxing)
 .debug_str     0x0009d5fa      0x556 ./Drivers/STM32F4xx_HAL_Driver/Src/stm32f4xx_hal_spi.o
                              0x928a2 (size before relaxing)
 .debug_str     0x0009db50      0xe1f ./Drivers/STM32F4xx_HAL_Driver/Src/stm32f4xx_hal_tim.o
                              0x93368 (size before relaxing)
 .debug_str     0x0009e96f      0x503 ./Drivers/STM32F4xx_HAL_Driver/Src/stm32f4xx_hal_tim_ex.o
                              0x92b74 (size before relaxing)
 .debug_str     0x0009ee72     0x329d ./Middlewares/Third_Party/FreeRTOS/Source/CMSIS_RTOS_V2/cmsis_os2.o
                              0x9cdde (size before relaxing)
 .debug_str     0x000a210f      0x12d ./Middlewares/Third_Party/FreeRTOS/Source/list.o
                               0xab23 (size before relaxing)
 .debug_str     0x000a223c      0x892 ./Middlewares/Third_Party/FreeRTOS/Source/queue.o
                               0xc663 (size before relaxing)
 .debug_str     0x000a2ace     0x1073 ./Middlewares/Third_Party/FreeRTOS/Source/tasks.o
                               0xd468 (size before relaxing)
 .debug_str     0x000a3b41      0x5af ./Middlewares/Third_Party/FreeRTOS/Source/timers.o
                               0xceb4 (size before relaxing)
 .debug_str     0x000a40f0      0x783 ./Middlewares/Third_Party/FreeRTOS/Source/portable/GCC/ARM_CM4F/port.o
                               0xa2db (size before relaxing)
 .debug_str     0x000a4873      0x324 ./Middlewares/Third_Party/FreeRTOS/Source/portable/MemMang/heap_4.o
                               0xb465 (size before relaxing)

.comment        0x00000000       0x43
 .comment       0x00000000       0x43 ./Core/Src/PRNG_LFSR.o
                                 0x44 (size before relaxing)
 .comment       0x00000043       0x44 ./Core/Src/figuras.o
 .comment       0x00000043       0x44 ./Core/Src/fonts.o