../Core/Src/main.c:101:6:HAL_ADC_ConvCpltCallback	16	static
../Core/Src/main.c:109:6:vTask_Move_Balls	56	static
../Core/Src/main.c:131:6:vTask_Move_Soldado	64	static
../Core/Src/main.c:231:6:vTask_Print_ValorADC	32	static
../Core/Src/main.c:252:5:main	56	static
../Core/Src/main.c:433:6:SystemClock_Config	88	static
../Core/Src/main.c:480:13:MX_ADC1_Init	24	static
../Core/Src/main.c:541:13:MX_SPI1_Init	8	static
../Core/Src/main.c:577:13:MX_DMA_Init	16	static
../Core/Src/main.c:595:13:MX_GPIO_Init	48	static
../Core/Src/main.c:648:6:StartDefaultTask	16	static
../Core/Src/main.c:669:6:HAL_TIM_PeriodElapsedCallback	16	static
../Core/Src/main.c:686:6:Error_Handler	4	static,ignoring_inline_asm
