../Core/Src/main.c:98:6:HAL_ADC_ConvCpltCallback	16	static
../Core/Src/main.c:106:6:vTask_Move_Balls	56	static
../Core/Src/main.c:126:6:vTask_Move_Soldado	56	static
../Core/Src/main.c:214:6:vTask_Print_ValorADC	32	static
../Core/Src/main.c:235:5:main	56	static
../Core/Src/main.c:404:6:SystemClock_Config	88	static
../Core/Src/main.c:451:13:MX_ADC1_Init	24	static
../Core/Src/main.c:512:13:MX_SPI1_Init	8	static
../Core/Src/main.c:548:13:MX_DMA_Init	16	static
../Core/Src/main.c:566:13:MX_GPIO_Init	48	static
../Core/Src/main.c:619:6:StartDefaultTask	16	static
../Core/Src/main.c:640:6:HAL_TIM_PeriodElapsedCallback	16	static
../Core/Src/main.c:657:6:Error_Handler	4	static,ignoring_inline_asm
